Used distribution: Raw_data/german_healthcare_records_500.csv
Used matchkeys: Gen_match_keys/matchkey-output-500_randall.csv
{'mk_randall_1': 42, 'mk_randall_2': 68, 'mk_randall_3': 56, 'mk_randall_4': 70, 'mk_randall_5': 39, 'mk_randall_6': 52, 'mk_randall_7': 56, 'mk_randall_8': 70, 'mk_randall_9': 70, 'mk_randall_10': 52}
Matches for mk_randall_1 (first + last + dob):
Hash: 11d1175c6718da55f2dbee4f061c3743951b1b11ae8b9c01756b289576cff799 ← Values: ('Vitus', 'Steuer', '2002-01-22')
Hash: 85e94761c006f77e92056e6d71f12d6ef550e134f8fee2a27219272d13accfac ← Values: ('Karl-hans', 'Killer', '1946-08-06')
Hash: e23beee08814379e62a7dfdc474a1a035d17a1cce38e2dd0b9cacd54614293f5 ← Values: ('Sibylla', 'Wulff', '1926-01-11')
Hash: a6e2d23d49f0c727823fad5f4247f4ec3289954572f064c4268ad74fb508fb74 ← Values: ('Lina', 'Sorgatz', '1950-07-23')
Hash: ae5d88d7a6aa76e6dda3a0558e72b10b4866804caf5c4b36d0fd3393995ffe05 ← Values: ('Malte', 'Nohlmans', '1950-06-19')
Hash: 0248422c959003da6a3fd180bd986f2961abd0961d60e5d33d8866bd94845897 ← Values: ('Amelie', 'Barth', '1943-07-13')
Hash: c990d7bc08ef141cee80b3b31eb59d29a71b717d616da492919ae038335d1a21 ← Values: ('Marianne', 'Mude', '1954-08-06')
Hash: 8c76d9a8e7bb154616e0526703d824afc0932ecfaf654b4b146ea15c551dbe88 ← Values: ('Jose', 'Römer', '2022-03-17')
Hash: 5332e813d129d9faf0e8ed0425c3d453a19d72c32ba761bef6f36586e04c8c0e ← Values: ('Bettina', 'Klotz', '1911-01-25')
Hash: b56d9afc8a4389e885956cb6c2ca65cb78c99de3af60584c2143dd1a85c12210 ← Values: ('Domenico', 'Rudolph', '1934-11-07')
Hash: 8ef076610809e1317e1f4d3f284e5573546786baa2f1f14df3be1d754ea69bee ← Values: ('Hans-rudolf', 'Börner', '1993-03-29')
Hash: 2f3049310dfa6126036818fd1af853ae3b9816fa3cfd16c079dbad49d21c1143 ← Values: ('Agnieszka', 'Geisel', '1924-04-08')
Hash: d562a3d3428cdf3a3deafe7576f0df67cdedad970558df17c69b4a8a9f78ac4c ← Values: ('Giuseppina', 'Seifert', '1917-09-30')
Hash: b9f1b939935c203d0524ae853eb261f3fdec8ddd53aa3c7138280766a5019497 ← Values: ('Magda', 'Rust', '1963-06-24')
Hash: 5c78dc00adc04af662fda2db9bba8c55ecff346292eab9c13d5a34568099048c ← Values: ('Meinhard', 'Holsten', '1998-10-24')
Hash: 2ae478f02bbf4bc8d6140b2970497a09438eb2023e0a03ffdc2cecff8060a265 ← Values: ('Delia', 'Mühle', '2016-09-09')
Hash: e750f0dcbb55028683a9cd51c318c9e6dbbab68d12039283d2e5b16837f4927d ← Values: ('Eckhart', 'Putz', '1965-01-18')
Hash: 8b8ee09fb7b6b49cb7f396af3bfa6fa44d67a9533ec0895161269e01b961883a ← Values: ('Klaus', 'Hering', '1984-08-06')
Hash: c78037326ac9c9d7937ef5ccd10cc645e52e48f032adc7fa6eb748b97b5f48c1 ← Values: ('Amelie', 'Linke', '1937-09-27')
Hash: caffa15d4528936c76904cf484bf88e1a76078cf55c7c5e9821315dd834e84c8 ← Values: ('Evamaria', 'Gotthard', '1973-06-07')
Hash: ee7186f88844312a690adba5d358f300ab8f7b97e7ca6efde804fb7a64e2a58f ← Values: ('Irmhild', 'Kade', '2025-04-10')
Hash: 5eabf3c9fe7f9e1b071a9ae682eb7052d1f1c5c084263e30a188fe1ccb657ad8 ← Values: ('Lina', 'Schacht', '1927-02-06')
Hash: 84cd295c049420ab13496aeb7eed44427bde6d4f79da947d0575b603295ed194 ← Values: ('Susana', 'Naser', '1949-08-24')
Hash: c417071e43d2756c80b664fefb758c9e2f8cef9471ad2268e49c830b7be4eea6 ← Values: ('Dieter', 'Mangold', '1996-10-17')
Hash: e0e11ba2f901ef05d45ab2792ab22943964d526c1facba97d2db82f83341e86c ← Values: ('Knud', 'Steuer', '1994-07-08')
Hash: 5bafb4c247e6eac465f736d7a7a22b86df0dfa1fa046bb307d4346a45fb959a4 ← Values: ('Michail', 'Bien', '2018-03-20')
Hash: dd0c47221650e860f1651a119a0f4e26a6290043c9a58553443b0977b4dee264 ← Values: ('Karl-hans', 'Staude', '2006-07-28')
Hash: 7a1c36247b7023a1ee87e426d4007bb88812021a8e7e5ab92231695b1e36f7e5 ← Values: ('Anja', 'Salz', '2007-03-13')
Hash: 21744f9baad35baaa55a5e319490ff6d8f4fd1df1a708f92abc3aeb5af97d70e ← Values: ('Anne-kathrin', 'Hübel', '1988-10-10')
Hash: 4fd957b3ac95b8080e8907e5b5ef1cc2029e30428afae0e2d417c37dbd51b0e8 ← Values: ('Meike', 'Steuer', '1926-08-01')
Hash: 9b801e0e961763ad1d0e9a67e0a7e90021504e46eb210822dac509e32136e6e0 ← Values: ('Annaliese', 'Geißler', '1919-05-30')
Hash: 604f73fe9c83acbe4306b333d61f9d8a46303e932fcf16cebe63ee4e8769e209 ← Values: ('Salih', 'Zahn', '1910-10-03')
Hash: 518c9533754a6fd75a8d25859ceb480a1f3a708d69495f757b2c40125654afef ← Values: ('Arnulf', 'Zobel', '1999-03-15')
Hash: b9e491886e11c5ba20f1ac02cf9bf4086b21166e50d37ad71761f43437a335f1 ← Values: ('Anton', 'Etzold', '1963-11-05')
Hash: 45eb7b47c524ab62af0b4c5bdb03798ba8f1f153b5fa30db85d97ceb648b6233 ← Values: ('Olena', 'Karge', '1998-08-20')
Hash: c2260965e22c855400d963e5f1f2c67486a68b5d90434c150eb33292e05289b7 ← Values: ('Nikolai', 'Franke', '1970-12-21')
Hash: 78f746a2cf3ce5f459a96b091e080e50a0ea6c3fa2f16d0d30f468696ddf12d0 ← Values: ('Ronny', 'Hering', '1928-05-15')
Hash: 8ff19e9e68129949d596a9ba5084d3eed1de3555d08c8b8305be902997ba9d18 ← Values: ('Amir', 'Beckmann', '2010-08-01')
Hash: 892ebda48d53fb060f199781325d42da8158fbf22ed899f8115457656b682f37 ← Values: ('Giuseppe', 'Harloff', '2014-11-14')
Hash: 948113b481bccf1b7c0b8a18158b45091076d0e45b56479768e46da3c3e70e08 ← Values: ('Hellmuth', 'Weihmann', '1939-02-23')
Hash: 4ffd3db1d1e0a26ac868f2b5704fbf84911feab6c795cfc0048e175ed1f7085b ← Values: ('Rita', 'Naser', '1935-06-30')
Hash: 2b9a4f0f214d1865d7464ac7c1bc0d4be6f430c51a850b6ab407cde84e3f2c96 ← Values: ('Gislinde', 'Benthin', '1986-03-05')
Matches for mk_randall_2 (first + zip + yob):
Hash: cdaf49a9f91c7f996f3cde4eed85c635d07b8ac3bb90002d6146358c1dbbdeb5 ← Values: ('Sibylla', 21083, '1926')
Hash: d53bcd89ab86ca70327bc1d9860ee2610c159d6e7479654d88015047babd7e35 ← Values: ('Engin', 42377, '1984')
Hash: 484991679941e3356af17142847394e94a068165188f1994e2fa904355264fd5 ← Values: ('Lina', 25894, '1950')
Hash: c72cc7ea24b47eb3ebf0e922a306561b29eb857e96b3f231b98ef8866e6a269f ← Values: ('Malte', 73615, '1950')
Hash: 80c79c45cef62eb010c33930478d25363b667e4d6fb9cf72f8da742ae73b9741 ← Values: ('Amelie', 72317, '1943')
Hash: 42faf7b1cd5e5008f291ff2bdd6978b6234533ec5b6cce5740f6a7e75e6a1242 ← Values: ('Marianne', 99666, '1954')
Hash: 3b9a85aea92225badef13a57c889b218260b104d501f988179a356bd12182ad0 ← Values: ('Jose', 32977, '2022')
Hash: 44d809c38bdfc063c40a199f24c4d54d45e8ccc20bff2911c148023dc6d7671c ← Values: ('Karl-josef', 4240, '1934')
Hash: 2f75d5727e05f479141497d64d425833503ec6bbbf06d59ac6925063aa03d858 ← Values: ('Domenico', 47421, '1934')
Hash: 7525ab294620cd1764f15d8a95ae805bb9fb0cbc7faa4e8ffd89437ebd8075d7 ← Values: ('Hans-rudolf', 77956, '1993')
Hash: 07a59c2fb0916b6b79fdbe3e1dcff74a88c31c5f3fa4cee4feaeae33af6a58a8 ← Values: ('Minna', 80776, '1928')
Hash: f2a4be144b93bc0b6bb821024789a8f2252fcaaf21813f1ace9b64d8701e5304 ← Values: ('Agnieszka', 60417, '1924')
Hash: da50766067d7a4f1ae4fb27654d9dd8db8428d339cb30602f19c9348a61afec5 ← Values: ('Giuseppina', 39225, '1917')
Hash: abf1ca386fc4bb275ebcd2bee26ed8f8b0bdeac7427ae8c3220727e87b6ea048 ← Values: ('Elzbieta', 46030, '2022')
Hash: b8dbbff2c652f2ef9812553dcd025792196976ae3c8e1296c725a36e63a98249 ← Values: ('Gülsen', 96874, '1918')
Hash: c811f97bd86c1b8690dd6ef6133c14a7cb06b84b826592a5ed10d2f9502b5e27 ← Values: ('Marijan', 42183, '2023')
Hash: 32a26b1523ddd972264215a7ecdd7a4b6b1b600484a98558c4cc02df789e98ca ← Values: ('Magda', 98305, '1963')
Hash: 8e0c2c36044593b41e7c2f14a1aa73be29d1498c00757acdaa911d42e3b9db48 ← Values: ('Alwin', 45702, '1996')
Hash: 411a0280b397b103926cc8720d827b38ba8f192ddb30ffccbc9fb93a4d97000b ← Values: ('Meinhard', 12122, '1998')
Hash: 24a21c05e95a1559e697187f95421f82a2b3e8bfb0598c7dfdb91ddae14a6b80 ← Values: ('Delia', 21592, '2016')
Hash: 007a72827eb150cb5738d5cef415f2756bd13263de89bf1d7299915ea4015b4f ← Values: ('Klaus', 39982, '1984')
Hash: 31d9771536531f9e87851f740f0074bea7e86edff0bd7637f57412aac343eb2d ← Values: ('Amelie', 96616, '1937')
Hash: a65cd4ca169618927576be13b9dffb69da688445caed0dac1b181befac3900c7 ← Values: ('Evamaria', 71613, '1973')
Hash: c842b0c13078dfc1da39332335c6721fc2345190c68b55cde9a208c6d48ba7cd ← Values: ('Lina', 71211, '1927')
Hash: 002664ecfc96401b072186d85fad6483a1d474724ede0381baf4d734d16d07df ← Values: ('Susana', 6690, '1949')
Hash: d0d2599d2f3bbf27a36a2aaca113b7db89534a5f749dd7fd42196a1a64f861f7 ← Values: ('Gretl', 20105, '1945')
Hash: 6abd359e5e7c63a4a6aeec4dc84044d595f620e61b54a70f3e65989005142142 ← Values: ('Tobias', 83231, '1940')
Hash: 63e4f587c13bf9f43ff2ac391f5a7c12b7738b67c7d3fa47fdd44ea9acf11cc2 ← Values: ('Clara', 44844, '1977')
Hash: b581fabe1251c32596f8eb58b14bbeca652ac4a998a428e3c1a21cfcae1889da ← Values: ('Dieter', 77232, '1996')
Hash: 89ea92ba786d86e71eb9fe3ffd760d59dec924bd453784ba1ef7f45bd01baa10 ← Values: ('Karl-werner', 84602, '1961')
Hash: f7d6d957e3ead6625f374915434452e6c841a9947cf45c2f5b0e5f7cf066847c ← Values: ('Caroline', 96917, '2021')
Hash: 1c073d4b40daf84731db9d2e53c2f89fde53db266ce95c68626cd45bc550a989 ← Values: ('Rosi', 56444, '1945')
Hash: 1a49ee4db0756374775245f17ce627538e9489b3e5d613af3223aa067a8bb34e ← Values: ('Knud', 84025, '1994')
Hash: bdbdfcaa0f6909cb50b9f41e40e777e2d2cba43e04841867ff7b2fd4a679dd3c ← Values: ('Salvatore', 81919, '2000')
Hash: 77dfc8325cda63e021ac8f159ef3e09a947d202ac715bd33226ac5902fb068c2 ← Values: ('Priska', 38605, '1976')
Hash: ff50e1f5908a7d46a7ecd5545b28b330921b38a5cc469146c7961ce83dfb3d6e ← Values: ('Michail', 92067, '2018')
Hash: 3df011e31f6082add26da9ed5ce527a775a4ecc099ad8467e79dde09b093d913 ← Values: ('Karl-hans', 63389, '2006')
Hash: d0b8ead011f672ea81df44b3c5a9eb1da9e643dba67f23f4b7e30504dbd91655 ← Values: ('Anja', 60081, '2007')
Hash: b2fca17ce37ca0ae36e9376f8190ae9a04ff295df82a229cf40cba45c9e02d56 ← Values: ('Urszula', 11684, '1990')
Hash: 39732a5c7553fc2aaeb4aca80b3e8c4f9adfb506299e4235782cb84f63eb5f2e ← Values: ('Milica', 54870, '2022')
Hash: 59bdca24304653608c4fd001c37c16ec35084d76789002379cefcf30b0dcadf8 ← Values: ('Ljudmila', 42379, '2007')
Hash: 79f8403a7934b0766698ac1ee73ab37b01326e74013b293d2b9e69d3983746cb ← Values: ('Anne-kathrin', 86821, '1988')
Hash: 5d5e78e792371033e94e370b31ea3872f7bbadad233e4e21e4294b7219d16c5d ← Values: ('David', 16205, '1997')
Hash: 2bc379a8b13c7a0cf4e0ce325d03f51a5c90d5d7e6e8d9faa403052b43611972 ← Values: ('Ursel', 21824, '1945')
Hash: 3865601ca6be0dc17c94d57b95a293d0338c2262133201959c1b5bb2575e4c76 ← Values: ('Meike', 99776, '1926')
Hash: ce24b98154f8e4b1cff6385b14cabd7b0ab8f19042c30970f6a24283aaf42560 ← Values: ('Annaliese', 37044, '1919')
Hash: e8577af242cb46af4ab6945bbc5fb03c97baaea7bfbfc1d2b32e1d4e2742450a ← Values: ('Emilia', 20860, '1965')
Hash: d74f22d282cd2f333d4fa6ef6ce14c915b4f32d8301c1d38f9da8eebcf6f7363 ← Values: ('Theo', 2445, '1957')
Hash: e5e30370550e9ddc5a4ad2006db58333d0d9a82f84227dad650e05dc6e6ff4ef ← Values: ('Eveline', 29294, '1912')
Hash: 6b478f3fb2b4868ef1264013bee9644823d049ef083e75f9935d2d102960b217 ← Values: ('Salih', 11390, '1910')
Hash: 0e996d81ba06b218dcc538b2f30b62b23a066ac46f6093126b2f44d9ad4406b5 ← Values: ('Arnulf', 81724, '1999')
Hash: 2eeb34ac6cd0e20e88eccb54d3390f7b063874143774a4a59883e1f61082167d ← Values: ('Anton', 88920, '1963')
Hash: a50c95d5102c23508273f9162ab32f41ee01d76097cc3b88f9b74d91711756e8 ← Values: ('Hermann-josef', 5841, '1917')
Hash: 375227d7ffdc16c0bb499c2fe8e7beedd22f59bae191c8da00180725770580d1 ← Values: ('Olena', 97417, '1998')
Hash: f005bbbd829cf8e1a3593303786d1f9740fb84fc246304eef1dd9d0796915d2c ← Values: ('Roderich', 68280, '1988')
Hash: a9d4a23e08ca18c402c14346202fc02a12aef0d6aad8cb315b070bec21dabc25 ← Values: ('Dorina', 6887, '2014')
Hash: cb85a080a386248602b9b7071e95a160104280b9b6a2323f4fa5994cfa96a195 ← Values: ('Lucie', 8118, '1995')
Hash: 404ad6efb4160216f84a3455d2db503631efefd7e36ac87694db89cfe06d2660 ← Values: ('Nikolai', 3499, '1970')
Hash: 3c881c3ad58a402eb6cdd954fc435893c1bcff6c47539693e90931cc125e4376 ← Values: ('Hedi', 32459, '2010')
Hash: 207f0d69be31d795c12463282491cff96aa42cbb244bccda1d4e889620900a54 ← Values: ('Götz', 23863, '1983')
Hash: be0b3573faa502b48821dc923d0e34be501f28aea358e6b1ec1e01cac7da838e ← Values: ('Ronny', 47601, '1928')
Hash: a6482507ac0ea9183dc48fb545e25b2e658ff95c383da5d224a131d1a9334094 ← Values: ('Gitte', 51262, '1981')
Hash: 5b212d1d97a93d65e46fed2fa16f1f6b2c8f531a1b8b427ca3109fceb568a1f5 ← Values: ('Amir', 64053, '2010')
Hash: 0ad0040db31b0e47ffb2ce265f0fe0c99314ca632f572967be8c4c4a2a2e4338 ← Values: ('Giuseppe', 86170, '2014')
Hash: c248892c1a026de616e26f7096f9739985cc8ae468fb51219e6ff03f07963430 ← Values: ('Hellmuth', 88122, '1939')
Hash: 4c132bbbf2f8019c0b56861f5696c935a62fdf81e161caa6b045b60fb36fc48a ← Values: ('Rita', 67005, '1935')
Hash: 87637966d7f1ae3602f484e91fc15ce1d63ea9ca16ac2d6f137ca14f094ec2cf ← Values: ('Katarzyna', 45765, '1930')
Hash: 016473c518f1c54a357cc6fbf5ba43e020bb983a86da59f74f164c84e4f9d90e ← Values: ('Gislinde', 3883, '1986')
Matches for mk_randall_3 (last_name + dob + gender):
Hash: 6516cecf82fb9d1f9eeb64b6c9fcfe3d139a8012c4c5b482c4ede34837ace25b ← Values: ('Conradi', '1983-03-15', 'F')
Hash: efd5f505046195c26a1866cf0003408c41404142984d1e8e78a7c06de7cdae48 ← Values: ('Steuer', '2002-01-22', 'M')
Hash: 668ac591849265baebbd6c3ddd45086118c06a210bc971255870538f935d62dc ← Values: ('Gröttner', '1946-08-06', 'F')
Hash: 39237f8df8b460852c70ca9f46cfd77ef9344642dd3a7e555872c1252984bf6f ← Values: ('Seifert', '1993-03-29', 'M')
Hash: c7375214d79a96253f1e35ea4113a89c25d944360ea50ed94bd12d1bb6ffe0f3 ← Values: ('Killer', '1946-08-06', 'M')
Hash: 0b9dab62c3d88f958dc6355e24db6f0fef53f52678a292ecb444d15904f505e9 ← Values: ('Wulff', '1926-01-11', 'F')
Hash: 484320e5309782bd066a0395a09316189bc99556d22c858a5cf0f889a0aaf44c ← Values: ('Sorgatz', '1950-07-23', 'F')
Hash: 9c0f2f96d6996aefea36d7cc701c67d6b04b1516cdb4e2f5b1a1ef821a723a02 ← Values: ('Nohlmans', '1950-06-19', 'M')
Hash: b389f22ed7befb5e2a0a3d12f985767c6f98e2d4820edc78be71e00eb1c69feb ← Values: ('Barth', '1943-07-13', 'F')
Hash: b694877cc6d79d89d20606344de33d771192a604b743865e36a016895e263e0a ← Values: ('Mude', '1954-08-06', 'F')
Hash: 8a39c798672291cd7c30179362e5320e949afe270f61ffde021d767e82de3463 ← Values: ('Römer', '2022-03-17', 'M')
Hash: b038b9c0b47c8888d5608e6f5280bdacb449a75b8d554ff633aee6cc548c2c9b ← Values: ('Klotz', '1911-01-25', 'F')
Hash: 3fce97c258ab87ee56dfc9bed9960147119adf830db26c0a93f4e5798bb859eb ← Values: ('Rudolph', '1934-11-07', 'M')
Hash: 8eebaac250d29257135fc41aabde7a3d9fb31c8fefbc8be3dc9557fc6969cc2b ← Values: ('Börner', '1993-03-29', 'M')
Hash: ce67ee4ecabbac68b9a08a18aa3b0dcb792a45158ef77f46fcc3d45664d87e66 ← Values: ('Geisel', '1924-04-08', 'F')
Hash: 1f9098fb2fefb02ce2c02b929e2479a772700be59aaa8deed69e7b2a124d0f63 ← Values: ('Rörricht', '1966-01-20', 'F')
Hash: acacef61a566b41d08ac430d2b1c1affb977e7ccaad9441fe9c140eb481a1c0c ← Values: ('Linke', '1922-05-05', 'M')
Hash: 5327790c7455a3fa1aedd283b87a8748d194dccbc96811b13c0023b508dabf08 ← Values: ('Seifert', '1917-09-30', 'F')
Hash: fb2a89375fbc51335b21455dd0911c87bc8af6dd857c58b7c33e605250f2b318 ← Values: ('Rust', '1963-06-24', 'F')
Hash: d9336ee66b8e4249f24df27a8740b462456cf4f31ba6e9b35274d3264c84785e ← Values: ('Holsten', '1998-10-24', 'M')
Hash: f3452878164a79174a2f3eb7e97dfdbfba1eb20b3a4cf1e3e729efad56d5d830 ← Values: ('Mühle', '2016-09-09', 'F')
Hash: 1564567cdeb69466562b803621de814657681a37fb200df69680616a3401a87f ← Values: ('Putz', '1965-01-18', 'M')
Hash: 2af3bc3e11206f30f48d693370db551bfca8280aa07e419382941a48ab533d75 ← Values: ('Zobel', '1938-12-16', 'M')
Hash: 310cd93ac4272407a6d104ac86d322af4e71e02faf4cc76e03bd97c2e12187a6 ← Values: ('Hering', '1984-08-06', 'M')
Hash: 16924b303b76b9729b96662c08a23fb97667b7420e459e9c5cb9b38caec0eb4a ← Values: ('Stolze', '1982-12-05', 'F')
Hash: c08361c5ff0d9ab27211f0caad9e5ad79312a6882075d0f8035df841527424e8 ← Values: ('Linke', '1933-04-04', 'M')
Hash: 75f1c6b60cc45892eb5814e5cbb140dacd723e2a3692f9df53ee865966a2efac ← Values: ('Langern', '1933-09-22', 'M')
Hash: 04a7acb1298137331acc6e628044822023f13bd98b0903a85f73275f3b7078f0 ← Values: ('Römer', '1958-01-10', 'F')
Hash: 0801dd0efb578691c62341bfff3934a000bd2e9ae19dd88b618341ba4f2088b4 ← Values: ('Segebahn', '1958-04-27', 'M')
Hash: d05375b2d10743f834d4e0e645f38f7c082c81d038b43c155729b23b14fb99f3 ← Values: ('Linke', '1937-09-27', 'F')
Hash: 0154476978a6f17dc05556ee26d2e797312efdc88012ff77e4649a076ab14eea ← Values: ('Schleich', '1941-06-11', 'F')
Hash: 26f73ab8adc5168217f5e023c889570ea9a5cc536146131c14a931f6d1015aeb ← Values: ('Gotthard', '1973-06-07', 'F')
Hash: 88026b8d58597f01fd6db7bdaaca8fdff109f494af0beed72038b682e91ad1ed ← Values: ('Kade', '2025-04-10', 'F')
Hash: bc7aa690284cfc27296fba5fb37b97e5e00ad471aee9b6bda7fc443ba7b90983 ← Values: ('Schacht', '1927-02-06', 'F')
Hash: b49c6b49a71f8df75dbbd7512a1f026c3085ba71de2abddf50cd4e27dc8dc09e ← Values: ('Naser', '1949-08-24', 'F')
Hash: 760f05d950faa52a850394118549d1ddb0cb2bd40264c204404b7980a6be8c69 ← Values: ('Mangold', '1996-10-17', 'M')
Hash: 0f58e485aab0e610b30bfc335a6951a11342eb34f5d4c050a98b16f88e46aa20 ← Values: ('Steuer', '1994-07-08', 'M')
Hash: 19b3abdd4a998c581422127815b7dd47f9cd7a4c3282545428252d9d9a036885 ← Values: ('Bien', '2018-03-20', 'M')
Hash: 4f7aed5f3e1a251cac7656ef9e4fbd931e6142babcb44f6b84c29dae5f5b9775 ← Values: ('Staude', '2006-07-28', 'M')
Hash: c3d0d59430b7ca1f846dcdb939d775f0970002d481b2eabe4dc1156c751d07c8 ← Values: ('Salz', '2007-03-13', 'F')
Hash: 3f9529bf5d52466a4d1af5aeab93d829eb37f38c81a0eaa39d3bd0f56b3d0f8d ← Values: ('Hübel', '1988-10-10', 'F')
Hash: bdedd8f6781e47a0a7ed628b1c568e0e4bf145f168eb8da2129ffc9cf0e19065 ← Values: ('Steuer', '1926-08-01', 'F')
Hash: 35950ae8c2343809f123e16240a005732c858741e3e4b4967adfaadea6ebe023 ← Values: ('Geißler', '1919-05-30', 'F')
Hash: b46ae5dec2f2face7872d2a2c8360e5bf7b05d2f155e7db6568863db07be9854 ← Values: ('Zahn', '1910-10-03', 'M')
Hash: 30a6f2e2946387a09b91d76d0194dc5ac1cd6f06a5194b14c3406e84bfa6307c ← Values: ('Zobel', '1999-03-15', 'M')
Hash: 43085e8841ab82fac7a5a0bc7372b438afbf92703e0456190a9c03d9f1700dd0 ← Values: ('Etzold', '1963-11-05', 'M')
Hash: b1e2b31580e32b1eea3f5513cd28d244538c51c9f8099b36a98adb03ee5a3a72 ← Values: ('Karge', '1998-08-20', 'F')
Hash: d508cfeebdcdee9afd4137e4db2d3eda4fb9d4cfb4fcdca0de0046e6e58a8ce8 ← Values: ('Franke', '1970-12-21', 'M')
Hash: 2854dce12e25f536996de2c131f006062b35492c2ecd8fba38fcda0d03967137 ← Values: ('Hering', '1928-05-15', 'M')
Hash: 89b9beeabf3fb93c97be49322ec9dc4a3ea592f9b467adbab6bec7e7f008e9c3 ← Values: ('Beckmann', '2010-08-01', 'M')
Hash: f9b587963265000cf2e4acc989dcc8cf56e7741a8b1ec26c862145073cf0db37 ← Values: ('Harloff', '2014-11-14', 'M')
Hash: 930ec829429bbd9e50845d99d288593c88a1589afda20cefb1d2fe84c6d376a7 ← Values: ('Weihmann', '1939-02-23', 'M')
Hash: 7f63ca467713cc20cff984787420c0e127d494fc46f163ec3bfb9a8d0f642167 ← Values: ('Weiß', '1930-04-21', 'F')
Hash: 787828d5e484279b780b6a1ca344f0f3efb33aea0e845ad0f88c449fd4eafc15 ← Values: ('Naser', '1935-06-30', 'F')
Hash: 46b31b725ec34e8fadc4dd5b38a0971f7ecac57b0b90223925231bc98617d055 ← Values: ('Benthin', '1986-03-05', 'F')
Hash: c1b6a2d3db06fe96702a27ae683c78fb31531cd9f4efb88a68f1bfd5cc87e0b6 ← Values: ('Staude', '1930-09-04', 'M')
Matches for mk_randall_4 (first_name + gender + zip):
Hash: 170b8d5a5dd5d5c3a0ce68917d75c772ca7161cf9673c4bb037314f3c75850c0 ← Values: ('Sibylla', 'F', 21083)
Hash: 21b9f57f583e8c755dcb3e2390bfb43473ac366c96e9db5ea7301da7b18de0e7 ← Values: ('Engin', 'M', 42377)
Hash: 1dab9d7d7caf02d34a52bd8ac9d8f2ff671a4c25dd894ddfccf94385f5a2b3f9 ← Values: ('Lina', 'F', 25894)
Hash: 8ad31c97e237ae303c077d6af7f9ea0be5c3afd57c978ffa34c2919901a14982 ← Values: ('Malte', 'M', 73615)
Hash: 638fb4eccbe3593fb82266fb96b406f7f1a29731cfb0a57506537468a652b3fd ← Values: ('Amelie', 'F', 72317)
Hash: c623cb1c09f33be42ab01d61f4d16f46b03e51e8286908563e0bff3b98b11968 ← Values: ('Marianne', 'F', 99666)
Hash: 131ca1b918f68e74fca6dbf84e0d198bb9be3199898a7d210325e1020b62331b ← Values: ('Jose', 'M', 32977)
Hash: 3a1729b235b64d0083b8b8677faa7524bbf165c6d4e3efa101ac48a2ec2eef8f ← Values: ('Karl-josef', 'M', 4240)
Hash: d03e5d56d201d8419590c6db25b56d8c2d7638fc37b3b362c5e4e3956dcbbe48 ← Values: ('Bettina', 'F', 44947)
Hash: 110275916813f32c53faf554a37cce004f94fdcadb92118b22df326dca35209c ← Values: ('Domenico', 'M', 47421)
Hash: 5047d32f8407286678b80fdd9994388f2abbda1182d91b7da6bebf52fc56b6da ← Values: ('Hans-rudolf', 'M', 77956)
Hash: e41f07047f53142bd6f326c1efaaf5f698280888b871c34ed13faa8d08d604a2 ← Values: ('Minna', 'F', 80776)
Hash: b5f04f997997f90c5aa5f262a8623bd7d00dd247d1b20bd58774f3d98e27df93 ← Values: ('Agnieszka', 'F', 60417)
Hash: fd8ab9deb20639210e2371535179b00a2973c7f920734f8042c410f783f759b5 ← Values: ('Giuseppina', 'F', 39225)
Hash: 683a2d93f7c3f117b71e35a50181cfeffdfda8ae19ae4c3a42768f159dd08309 ← Values: ('Elzbieta', 'F', 46030)
Hash: 8e2857c6bdcbc59df719ca4c257896fa0705f26be0ef4a64249f1c50dffd11f6 ← Values: ('Gülsen', 'F', 96874)
Hash: 79aa670b4904b4e897d38cf47fd4c3d950666b400837050fe6a0bf5092375b4e ← Values: ('Marijan', 'M', 42183)
Hash: 0da5750dad5e1ef2d1f399e6e7d7b41fd597d2bd185c2d840484c1185edac178 ← Values: ('Magda', 'F', 98305)
Hash: fcaf22ccaf3d6a615d62ec4b03b7be4a5dcbe073b9a01989e3ae349b16a1c47e ← Values: ('Alwin', 'M', 45702)
Hash: d09924fb973480f51b86ac431f0a1183494c4f4d3ba2ef8c7d60f1b4dcf4ae3e ← Values: ('Meinhard', 'M', 12122)
Hash: 3068ce00aa127f6eaa9e1d5d2b4443e7d9b9534df56f6dca8774c221db5feb05 ← Values: ('Delia', 'F', 21592)
Hash: aae7712ac429d6650262760f7e95f20833599647ff8627cad8b1c21a6994e6ed ← Values: ('Klaus', 'M', 39982)
Hash: 2a7c27da4baa17467a130f95288fef5a3405cc3aa8c404cc247209389c097a3c ← Values: ('Amelie', 'F', 96616)
Hash: a040d95816cf83280351a8e171ce7183b233713e5c9740beda8692415a22c002 ← Values: ('Evamaria', 'F', 71613)
Hash: b181a1a345eb11d55fa55eda1e0599105f2a654cf0a04970cae0a3daa219c283 ← Values: ('Irmhild', 'F', 38520)
Hash: 7e730d4e27996ebd7123df72b599251ed724e4246ebf1628860332d066b32ee9 ← Values: ('Lina', 'F', 71211)
Hash: c5fc54a7e45f3c9de4f62ddeedfc5c576a75326e1113b676cf9e39d354dfdddb ← Values: ('Susana', 'F', 6690)
Hash: 27c59ae534071c76a0c2fe4fdfe29622ea7ec9ae373750a9182ef60f110e5499 ← Values: ('Gretl', 'F', 20105)
Hash: 6a75d1f1ad91cf098de7cf12b60af36762de105794e023830fc84b353b466350 ← Values: ('Tobias', 'M', 83231)
Hash: f046151739a7b63c842957044beb6003741ab158fecc9fb15c006747f6d3aa7a ← Values: ('Clara', 'F', 44844)
Hash: 3a50baf379ddfac12acfd23de18704f3b64145d148fd730b536c59fee3e1777e ← Values: ('Dieter', 'M', 77232)
Hash: 1ffca636d9d51eff01161bd99481632d9bfc9d3b52ee3283ba1493d705c941e4 ← Values: ('Karl-werner', 'M', 84602)
Hash: ef9c254e94949ed39e1b8f8d89722030454b5166702c9bc3b14cbb2e37dfebb0 ← Values: ('Caroline', 'F', 96917)
Hash: 1a122ff45e91d291640d63039dbb88d6e016f5c7328159a0856ca1f7157bfd16 ← Values: ('Rosi', 'F', 56444)
Hash: f806a55792d4afcc2382019b798add346cd09269645f4575d2d661d0bd4c41a3 ← Values: ('Knud', 'M', 84025)
Hash: 57bfe6dd5a173504f3bc99464d1320827bd8da1a5d71da1631ea346ae6aaea96 ← Values: ('Salvatore', 'M', 81919)
Hash: dbdf7fa4bfc09945301090e5896f111db646493c5b73b3b3cb744d614e3cf842 ← Values: ('Priska', 'F', 38605)
Hash: 95fb9568aeb7fda6800f3fa86bb0b2a36571e0cd668d16b771d995f1246b52b5 ← Values: ('Michail', 'M', 92067)
Hash: a216220a068f41f46a94ba3b2c5cede3295cd7d7712ff9e2ed22cfc9d8b0b77b ← Values: ('Karl-hans', 'M', 63389)
Hash: a68f14aae8c7c31952fc54964f1f48d5b021eb8ba5c072a8250053f2903df221 ← Values: ('Anja', 'F', 60081)
Hash: be0c789d56fb295ea9dc9ddc8d64593156a579b4f0f4ffd39c28b44103b7befc ← Values: ('Urszula', 'F', 11684)
Hash: cb3863b9ef8bdc37edd95071bf5cb6442e033667eafc996342e1965b608ffb54 ← Values: ('Milica', 'F', 54870)
Hash: 0bba04842cef4f0e69c9043e9f297d01d42c8c2de113a0896190356a7adef901 ← Values: ('Ljudmila', 'F', 42379)
Hash: 3c0ff6d2f615f30df5e849cf4c16f7d2f7b6d0979d7231b2d41d568f7d27e875 ← Values: ('Anne-kathrin', 'F', 86821)
Hash: 4c821424ee9169c12f0f2dbe3b27c6329b0dfb2bd9a2685a0e18da2d4ed63e02 ← Values: ('David', 'M', 16205)
Hash: f8af0c593d3522e6304db9f7124b7e8580f4ca3bfb74c21fd0e47cf795d85fbd ← Values: ('Ursel', 'F', 21824)
Hash: 4a4e12694144f89bb85530ba85719f8e4b9c23cbc553ee3ae6b5f5abe4ec6f31 ← Values: ('Meike', 'F', 99776)
Hash: 0c0634c25dae4a40209dfb73f96d2d35e6535a628e5d79bf2de439bc6f9680ea ← Values: ('Annaliese', 'F', 37044)
Hash: 38b960c50f7f157af8275e6887e32fb95abaac19f066401013d7ac71802e0abf ← Values: ('Emilia', 'F', 20860)
Hash: e5a5e2d2faa4be68dae5142042bfe8e297ad8a52a344833e9c8e69d9f7b97d93 ← Values: ('Theo', 'M', 2445)
Hash: 5c48634238aa193e8b4e603523b816754da0b8cf8f4bc213e3b21caded184f2c ← Values: ('Eveline', 'F', 29294)
Hash: 689c420a4d4afe8e965846699a64fc1c575f3035c223478403937c47bd6f1326 ← Values: ('Salih', 'M', 11390)
Hash: 11fd127c659c535930b91d02f0c1542ae855ec01cb32719aa51b7f4fd8dd3f2a ← Values: ('Arnulf', 'M', 81724)
Hash: 65a76eafd5ad7f79fed77db926d68622f4bd32c720597794d07e5f6a1a015c3e ← Values: ('Anton', 'M', 88920)
Hash: 96171b2737aba68128e83791845a7b8722bbd6fac83ade944d73e5c926bd99ed ← Values: ('Hermann-josef', 'M', 5841)
Hash: 2e4b2d9f4c896b8cf46c6c3d3c708d1c6741d676ff69f2ef31194bc5cca88107 ← Values: ('Olena', 'F', 97417)
Hash: 9aed9b7d84c6581bafe7a756d73f208e686dbf3a1b0b4dc6797db30b455dba2f ← Values: ('Roderich', 'M', 68280)
Hash: 9444a115ab982fc19d0ddab43a7eef656433d949be6e61bf8a760a2f9f555d51 ← Values: ('Dorina', 'F', 6887)
Hash: be07b6433c85f8392b7cb29332b39f4c7dfe0cf96496e3ad0490bb2928d20e30 ← Values: ('Lucie', 'F', 8118)
Hash: 7fc46068a6d9165032bbb61a1d79ce9589bfbe14f4e81c520880c11794c528b2 ← Values: ('Nikolai', 'M', 3499)
Hash: 7350571573e7537407f04aad2899278d3b65e1405c23358f5904a003e150bc01 ← Values: ('Hedi', 'F', 32459)
Hash: 8437dc4063c9276021a39863b3e61fddc6ccd90f4b2d92547ebf66b7d55dea9f ← Values: ('Götz', 'M', 23863)
Hash: 7671b88c4ee80d7394df4c9f0cb95bcf505cc2d29b1230bedfc7bc00bba57db8 ← Values: ('Ronny', 'M', 47601)
Hash: 1133caf427395d3f83add66d3204b6676effd6c425f415afbde82968c130d111 ← Values: ('Gitte', 'F', 51262)
Hash: 140eff3e2442d18726235390ffc9dc98d4306ea5ad885642b37c006288ea2a42 ← Values: ('Amir', 'M', 64053)
Hash: d125da3cf5e28a6b0ae1a495c7e159eb275d91a95aeaa3fce5196a70d0d847b6 ← Values: ('Giuseppe', 'M', 86170)
Hash: af608735ac671daf0b4dd280ce8fd72317e57a7eeb58734f752dd493804c6df1 ← Values: ('Hellmuth', 'M', 88122)
Hash: 0392134330e0e4a1583892317b77d97e4a40f10b1476079e99e0bfbb702640aa ← Values: ('Rita', 'F', 67005)
Hash: 157c2c747427b417d99106b56f1d712c3c7f3b0b29a2ab93d694993a4a120a91 ← Values: ('Katarzyna', 'F', 45765)
Hash: 13132df8a87a9ec32b1cbaa461d748b459744bed76e261c151541b2d0ece9d39 ← Values: ('Gislinde', 'F', 3883)
Matches for mk_randall_5 (first + last + email):
Hash: e932593dad45e3d747ddf4ced096488166268c39e87aa12bbd488b6983a5117a ← Values: ('Sibylla', 'Wulff', 'isabel36@aol.de')
Hash: c19cc98d09c754a22fd581587ad23c8f0ca3024c141d272631808f60c37e1b3a ← Values: ('Lina', 'Sorgatz', 'annedore71@gmail.com')
Hash: 1e24e9eaa96b012b06aa05d2101eb7b9c01cb763361a09b41706e4265ed44018 ← Values: ('Malte', 'Nohlmans', 'gertikrebs@googlemail.com')
Hash: 69b574fd30f9422fb7fc4ddfc27e332af613e86b535d7eb50cbdf71a9394708a ← Values: ('Amelie', 'Barth', 'hans-dhande@web.de')
Hash: cdb6442af59aacf0e898d99e3cf4542696c5bcf3b144dbd2b5912a599ab22137 ← Values: ('Marianne', 'Mude', 'stanislaw63@aol.de')
Hash: 080330f109e05a3a3bf2468afbe12c1d88ca9667f6cb290e6244cebee657d77b ← Values: ('Jose', 'Römer', 'monatrueb@hotmail.de')
Hash: a37a618978e61d7380a3d449067577bed3da25320a3b38d7ba91e0dd470ed132 ← Values: ('Bettina', 'Klotz', 'emangold@hotmail.de')
Hash: 18149ae57e3601704bc24da605b08fa946dc527c49e50755957889ebbd76ee2f ← Values: ('Domenico', 'Rudolph', 'vitali03@hotmail.de')
Hash: bffcff060e88fa3e07c43927cdf907bfa85826c3f35395b85ed310884ed2535f ← Values: ('Hans-rudolf', 'Börner', 'ggrein-groth@web.de')
Hash: 16002b167f26949066f5d1c0b3499e7bae7776ece65014dc2f3a11c61e5f78bb ← Values: ('Agnieszka', 'Geisel', 'akoester@web.de')
Hash: c595cb9ef304073d60319fd77138e37a923bc867bdb3dda0794cee252f08d121 ← Values: ('Giuseppina', 'Seifert', 'geiselanni@aol.de')
Hash: 88f51ffb8203016705b6250b08ad248ddaa47fd8d2b0f37b5d679f341af6f9c5 ← Values: ('Magda', 'Rust', 'schoenlandalois@googlemail.com')
Hash: 158b1fc3f14170e150ddf3c45af09efc9421cee8f1c633d47a5207cefd6443bf ← Values: ('Meinhard', 'Holsten', 'kreinkarl-heinz@aol.de')
Hash: 4929f34aea1e482b005519afd95e308c32974ffc194eb5bcf8d80580662a989d ← Values: ('Delia', 'Mühle', 'pniemeier@web.de')
Hash: c4ea2b135cacc31d4ac6625145097c7ee615f419fd8e017072211b6a9b325322 ← Values: ('Klaus', 'Hering', 'wilfried65@gmx.de')
Hash: 34775f48a358c375bfa220109bb22bce914c5ba15fe2359c3f511d80c62e1676 ← Values: ('Amelie', 'Linke', 'pascale74@gmx.de')
Hash: 181871bd2206b69b19428c53d2451c370428ddfb647491692c1413feddc32862 ← Values: ('Evamaria', 'Gotthard', 'ida81@googlemail.com')
Hash: 7675522270e523846b334632974ad89513577244f0a344d14032414b9c90f663 ← Values: ('Irmhild', 'Kade', 'marybuchholz@hotmail.de')
Hash: 1b24bcec077f71b70db18a6f202dc8bcf478586b0f69935051565801f3d5f81a ← Values: ('Lina', 'Schacht', 'sergiogierschner@yahoo.de')
Hash: bd421ce10af7af06a1a0bb2965ec00b72620f8957cdd6d3d3bd75e3500f3b66f ← Values: ('Susana', 'Naser', 'ilja40@gmx.de')
Hash: a3b1c17f3ed288767d8f87ebdf7ac5a41c5b38ed6c96816e5f8df0558f27c766 ← Values: ('Dieter', 'Mangold', 'wirthmaurice@gmx.de')
Hash: df23977da25c6fbf4da685bb28cbe0e41c825b35ac617f3e496e850e73571069 ← Values: ('Knud', 'Steuer', 'larissa40@hotmail.de')
Hash: e2dd3ff1977b2a99f036a33ae4172a006400992dcac80fa30e23bbf69f2aa17c ← Values: ('Michail', 'Bien', 'vogtcengiz@hotmail.de')
Hash: b7043d2ca9039d21f8723022e56fadb7477bcdb22c7856697754bbfc5875e60b ← Values: ('Karl-hans', 'Staude', 'sabinepaertzelt@hotmail.de')
Hash: 283d9d4e444d6937f17f5cd666087bb65d5d64bbb44a1a4f8adabcd70b583c7f ← Values: ('Anja', 'Salz', 'warmertilo@gmail.com')
Hash: 343dcb641b1c9a7ac80603dd5221694349b8ef44a2af4935b29fc864ba58f1e3 ← Values: ('Anne-kathrin', 'Hübel', 'dstadelmann@gmx.de')
Hash: 69204b7e8f1e5393eee6d7a4eed5115986e1089754e4a11fc616a9924947554c ← Values: ('Meike', 'Steuer', 'ibonbach@googlemail.com')
Hash: 9abb96906557f3f2a14c217394421d677d9ca7394b42cdd026d7156818941203 ← Values: ('Annaliese', 'Geißler', 'binnerfadime@aol.de')
Hash: a5e9d076682a4e1fb0a1c6a5c7ae3e268106b55d80d5ae0da8817e4503c6a322 ← Values: ('Salih', 'Zahn', 'zimmertheresia@yahoo.de')
Hash: fef26545288a1fdda1523c053170471e5a2cd14af54fe144f4ed4f414f332d46 ← Values: ('Arnulf', 'Zobel', 'veronikadoerr@gmail.com')
Hash: 10abea9be938e2e974d948b0dece0c743cdb8523453f8978d45b05f7b3a7e260 ← Values: ('Anton', 'Etzold', 'ladislaus02@googlemail.com')
Hash: abc8106e092057406d93c53780dae343e74d057972bc25815381eb1ca464b180 ← Values: ('Olena', 'Karge', 'drago94@gmail.com')
Hash: 0399186c8b99936f0e2747580c6368987571c4cc9a954dd803fb29dacf22a7ab ← Values: ('Nikolai', 'Franke', 'binnersiegmar@googlemail.com')
Hash: eb5dbce08afe4f7ec71574bbb61ee9bb4dea7d9c46a08e6ff2c531c4ff7ea453 ← Values: ('Ronny', 'Hering', 'holgermende@gmail.com')
Hash: b2ca877bc14722803d2b19386c0974fee12fe085015b298ab5e13a489366c9d0 ← Values: ('Amir', 'Beckmann', 'richard36@gmail.com')
Hash: c9e13b96d1eb63709694b2c69e3581d3b48c8f4e9458966f27bdad5e3d5862ef ← Values: ('Giuseppe', 'Harloff', 'hans-eberhardschmidt@web.de')
Hash: 3413c9ab103242ad4dedc45c7dab94fe459f63e3c09748468f42254aabb80ce1 ← Values: ('Hellmuth', 'Weihmann', 'zplath@aol.de')
Hash: 43df281e4dd554b31e0c2b978664dc800f2805fe91c3a27e2a763544ff838b9b ← Values: ('Rita', 'Naser', 'jockelrabea@hotmail.de')
Hash: ba0a99f2668d1acae43efe22df0980021fd855f740da34d144ad80eceaaa20df ← Values: ('Gislinde', 'Benthin', 'zchristoph@gmx.de')
Matches for mk_randall_6: (last + yob + zip)
Hash: 5ae8921b719c9e394dee4976fb7eff2cdcf4f442fd8a9a32c31e2bc193e2717e ← Values: ('Conradi', '1983', 19189)
Hash: 25dcd468ae18f08721c701e14f66290711ab90cdc7e477ba196108cd39bcc1ef ← Values: ('Hellwig', '1946', 58925)
Hash: 73b3d05625c085f9bb9f09f236cf2887e4ea6bfcd6ada3aeab4b2e26d0f73daf ← Values: ('Wulff', '1926', 21083)
Hash: 7143fb8ee022f47f4ce72b6fda1b59f6d5dfb20b94bf39950a6c3bf01475efa3 ← Values: ('Sorgatz', '1950', 25894)
Hash: a27b3c92d9d7401e03cb37a8b3d1b1dc20fbff786fd0c8f1e69a86eeae4ab879 ← Values: ('Nohlmans', '1950', 73615)
Hash: 8761dd1065171e3c0f20e74d02f68a43cd00c033e046ffeb7321c71a95f61355 ← Values: ('Barth', '1943', 72317)
Hash: e8a3be2273cb0cd7a308b47218be4978b3e4ef2a1eefa3851e90b194c24cc783 ← Values: ('Mude', '1954', 99666)
Hash: eada9a1cc1864e2dfc57e0521e9b55e3ea728e5f89c83ece40e4831f7db124f3 ← Values: ('Römer', '2022', 32977)
Hash: 615bf8062e90e7ad5e086cf190e08c2913b4d3b6f730c348efc5e76abae020ec ← Values: ('Rudolph', '1934', 47421)
Hash: ba942fa8e57ab68689f7d8f8d1a7e98d4d21aff46df8e8228bca5bee3a46afab ← Values: ('Börner', '1993', 77956)
Hash: afb457c3986e099386d0a229d7a9edf80c16651b4fb3c454ab10f1370b53e6a2 ← Values: ('Geisel', '1924', 60417)
Hash: 2dbd71d493181e1aff936ce2e3c767363e579d86dd21e408ec0ec479dd407940 ← Values: ('Rörricht', '1966', 89209)
Hash: b9ace92cc47428d836ba8551c2ab18a3a34ef45e65f81a653d015334cce72c71 ← Values: ('Linke', '1922', 63989)
Hash: ab13680cdb405b45f4ed2c9bf312e14ec91b17fa88b6462f94c215c0dc704e65 ← Values: ('Seifert', '1917', 39225)
Hash: c916c4d17f6367b523c66b122d925b29876b0cdb9350470c7ff3d405d0a93ebf ← Values: ('Rust', '1963', 98305)
Hash: d24592d1d5f9818c7dd571ff6ee115412635deb4d66c2dcbec005d7233796aed ← Values: ('Holsten', '1998', 12122)
Hash: 5fbf9e37f9dfaed130f08ba7baf3ae8f4d32f539dccd628b0f279d1291b89ce6 ← Values: ('Mühle', '2016', 21592)
Hash: e1987536fda7b81e062ae72a8075bc5eed74841c4aa08c66c1696ba9d456a6d3 ← Values: ('Eberhardt', '2019', 61844)
Hash: 0ee83948c95748d6cddcc990653485b39b98a092782e4a4626d146cdc7afd667 ← Values: ('Etzold', '1936', 45692)
Hash: 3c8eb600ee80e737baa06bad88be68e762a89af34e69662ded8f322d4a177b9d ← Values: ('Hofmann', '1943', 89370)
Hash: 7393c8310cc3790ee7c637a230ad1c2995232d491287de10be94f778afd657cb ← Values: ('Hering', '1984', 39982)
Hash: eaa0469ef0469e8669b8f24eada37d20ba5c3bc26e95da6c375658048ee91378 ← Values: ('Stolze', '1982', 66184)
Hash: 323e07951d9de0aa4e5e532c5a2acabe18ebdb18582f147dc1d89c7c6a2d98c9 ← Values: ('Linke', '1933', 21742)
Hash: 6e459aae9968a5c91386a870e42658dd69b7a5c2a4ca4d0d102b82d088b3c305 ← Values: ('Langern', '1933', 38749)
Hash: 0047e7f6b87e568b9356a685cb973325d42a44881982a70f24b85d9f842f6074 ← Values: ('Römer', '1958', 4485)
Hash: 043f2d6ca61caac7f5c66d0da3d365749e1680ca0d9c8380dced876ff102440e ← Values: ('Segebahn', '1958', 29384)
Hash: c872dc5af8395b5c91be26be329d1ac113b83e9ed336ed015500c9c640679f9f ← Values: ('Linke', '1937', 96616)
Hash: c9fcb6ead3dbeb1375f5488842aaa2a6bddef202bf7713dc66427108be1a1aff ← Values: ('Schleich', '1941', 57019)
Hash: 1e7032a9e6d9c1d859e1622fcfd17089f2273dd61e0c2743af0ce1e795c7def7 ← Values: ('Gotthard', '1973', 71613)
Hash: ddc581d8d59c2231405fd7f894d7ddff3f97ef22767f2414eeec88943d006e83 ← Values: ('Schacht', '1927', 71211)
Hash: 0c000175a77a84cbe75e6517026a05ef385eceb6ef89985513a207431c320a1c ← Values: ('Naser', '1949', 6690)
Hash: 554618d6c818c74b21d14eaa244083276c2ef08a78124c0bdebe58087e4ce688 ← Values: ('Mangold', '1996', 77232)
Hash: 16a08f114a9c0c341d0f4c0860695c4b2ea5fa34cf1430fc832f49ef0c9e1d8b ← Values: ('Steuer', '1994', 84025)
Hash: a74a101e7aaf573608a699b34cc34f53e5e21c734754f7480d4b5e9bbec7d939 ← Values: ('Bien', '2018', 92067)
Hash: 407d8a3fc9d561275d497d173eb23f09870d1f92226cefb6a5b3c14293675547 ← Values: ('Staude', '2006', 63389)
Hash: 85f60c05e93c2d3ff8a360a3069a324f3404877b12e0aed481790481c9874445 ← Values: ('Salz', '2007', 60081)
Hash: a6d7bcc41a49b0e75ee9670a1f4531cb613e5d68ca92c8113440697635a832bb ← Values: ('Hübel', '1988', 86821)
Hash: 6057b0b68167314a5112f38c6da1a31a4480920afbbc7fc9f96c1582a0b3f261 ← Values: ('Steuer', '1926', 99776)
Hash: ef0c3c0033690c456238907d31d672a811b164a0c49962114b353986352ac7aa ← Values: ('Geißler', '1919', 37044)
Hash: acd8560ae946b01cbdfe5834308fed21486f5558bd32b85db0398cd85f458128 ← Values: ('Zahn', '1910', 11390)
Hash: 0fb9877e079dca0c2b481c64fcb28549575e334cd8f002a35ca6e5749e52f234 ← Values: ('Zobel', '1999', 81724)
Hash: ecb8749c6ca5e60d35b95d7e22539d8744ceb60959b002e81664c4033611cfd8 ← Values: ('Etzold', '1963', 88920)
Hash: 6feeecf1727ebb2111746ce364d71b94eb05db6de9b6534bed83be5d8963feaf ← Values: ('Karge', '1998', 97417)
Hash: 0ef35e31a5380e98d92c87a82e75ca3eba7b7d03efa5c3d05aa046795ce5a05f ← Values: ('Franke', '1970', 3499)
Hash: 02ecc74f89b88d5fc7a396f4d3684438748ab728c6e4a6d0394d40e4f0cd4f33 ← Values: ('Hering', '1928', 47601)
Hash: b456d08c10bfbca30db0bb145e20eb047cb36a6f1c7ccd8924664f51499466c7 ← Values: ('Beckmann', '2010', 64053)
Hash: cb2852b55a278cf36b67116e2c76e9f103ef957237b3626583dad50979449d26 ← Values: ('Harloff', '2014', 86170)
Hash: a20e71aaee80c8f7faadd09f81c60c1947e76a7a82419fc9ce700707824fd784 ← Values: ('Weihmann', '1939', 88122)
Hash: d4d94240781e6331546dfc8f6c6987a428790754ad290e2fd51b2a2a45f328c0 ← Values: ('Weiß', '1930', 16245)
Hash: 9c3814a7b7f00ccce7c6187c01d5563c4094420ebb06b7039a42fcaef959eb18 ← Values: ('Naser', '1935', 67005)
Hash: 6c93ec414c4122027882e2c4307f8523f2f76313637d51126f1c95e81e22ae2e ← Values: ('Benthin', '1986', 3883)
Hash: a554a45cb39c65d8f02eb1b15df74f9580576829b3330520084e936472fd9d7e ← Values: ('Mosemann', '2021', 58925)
Matches for mk_randall_7: (first_initial + last + dob)
Hash: 38e475e2e5b6adafa58947022a63c90342698812f4a2aa2da3f11f3bb6e8f422 ← Values: ('A', 'Conradi', '1983-03-15')
Hash: 11cc3907adcc198195a090463d852c18890729c0487584aa58657de1dec06c38 ← Values: ('V', 'Steuer', '2002-01-22')
Hash: 3d02746fab3a5b00f571fe66e43e9f9a2ce930b748688e954fbab04ad14708f4 ← Values: ('N', 'Gröttner', '1946-08-06')
Hash: e7c3eb541f95514a30a2aa004ae6bfd6edd47e7e210c4ee28c9f47bf239b96d1 ← Values: ('S', 'Seifert', '1993-03-29')
Hash: b9e533fc5b308c3bd580256a6951c7b5f96aefb8560421081a2370efea70da48 ← Values: ('K', 'Killer', '1946-08-06')
Hash: 4810210e68bb652ae4ee418a51d27b67a8483b8a8f3e309f62af9643323514e1 ← Values: ('S', 'Wulff', '1926-01-11')
Hash: 99101a5fd30c5e4caa302f92b8049d1d52ff6265cea78887ca5777cd6a41343c ← Values: ('L', 'Sorgatz', '1950-07-23')
Hash: 6369b21e410457d007ffbf985d9142a6f645d5288019305e8b84b348755db0a3 ← Values: ('M', 'Nohlmans', '1950-06-19')
Hash: 49671650db89a5c8a28054139980b2dec0ffdc9f484ef630306ff3aed25a7790 ← Values: ('A', 'Barth', '1943-07-13')
Hash: cc60a6bef62de14febb6abc83be48f62d66257073f8493817216d3ad5b455eb7 ← Values: ('M', 'Mude', '1954-08-06')
Hash: 84ade188c07a0f7b181ddb08cf30034544845694ae23c9b0eba6f67bd1b8a7dc ← Values: ('J', 'Römer', '2022-03-17')
Hash: aceebfa06f03d06e240379aed6ed29a231dfebecfda28989d9a355a821bd1b4c ← Values: ('B', 'Klotz', '1911-01-25')
Hash: c3eff6704bf26ad2a963c396c9b6e806b1565d74ece87479be82ee636546ed88 ← Values: ('D', 'Rudolph', '1934-11-07')
Hash: ad90a92e82cd008840d3c6ee69b39b490adaa89559226e179f99da1c8893e7c9 ← Values: ('H', 'Börner', '1993-03-29')
Hash: 3c816b5e88e47b42b1d6c4958d1d43e77f38f8143890bdea26b7b1dc75cb0923 ← Values: ('A', 'Geisel', '1924-04-08')
Hash: 259e72db9801bd28fdc9f6fc094caf017efa1ef897d6f5f08c8f6ab246d28beb ← Values: ('E', 'Rörricht', '1966-01-20')
Hash: ef32664528a31b5858187ad3bc844ecba1479bf456581a9430266f2f0730ddde ← Values: ('V', 'Linke', '1922-05-05')
Hash: e9db31962841823a245dc583d8f56a633b51745dca0726131897fe614f2d7adc ← Values: ('G', 'Seifert', '1917-09-30')
Hash: 954fb37958c3a9e6704453f1489c90a78a6b1fbad661851a2662666a73d64db1 ← Values: ('M', 'Rust', '1963-06-24')
Hash: a6ec6ae2ec63eafc939371106256293c8c500cbd247c2724d9afd252dd649a22 ← Values: ('M', 'Holsten', '1998-10-24')
Hash: f0f326ee1c20056aafe4603455bfe4d2221bf2ffd62cb8835dc50c0cf502d63a ← Values: ('D', 'Mühle', '2016-09-09')
Hash: 3bfc843c9b8748e96398d182896d463e99a65d97ba393545eb20609e302ab508 ← Values: ('E', 'Putz', '1965-01-18')
Hash: 75b0cd7d232c806b0d8010c3abac1b1f6567bdc69b26d83c134ff0dbe8c6a662 ← Values: ('H', 'Zobel', '1938-12-16')
Hash: 71f6ee428a268669146bf8447ec57ee1e95a4058fcdc87aeaf2cc3f263dad3d2 ← Values: ('K', 'Hering', '1984-08-06')
Hash: e5c04c48246b902b61525fee7510e7a6fe3f40095baf9f17f87bf22307518198 ← Values: ('B', 'Stolze', '1982-12-05')
Hash: fc74dc298ce04bec90bba92e5674fad2a28f87800427b7e760aa34b33a794741 ← Values: ('H', 'Linke', '1933-04-04')
Hash: a54c1a638145c550a7ca66deb533d5fbbcb49cd579ce14258eda0847357ecc62 ← Values: ('C', 'Langern', '1933-09-22')
Hash: e2ae5650ca4294a32102433cbcc5b612d540239d7d81e32001d7144379bd811b ← Values: ('E', 'Römer', '1958-01-10')
Hash: 5e050f9fab5aad8f2a981265d29b73ee6868c7555746fb99e69e60c03772197f ← Values: ('L', 'Segebahn', '1958-04-27')
Hash: f9c9df9734bbef11642d1cd0a3b9751fcac2b778ef69e32f0b0707cf656a5604 ← Values: ('A', 'Linke', '1937-09-27')
Hash: 2e98f3362b126c27042139368aad7e327e22bbb846234522b8c142f9ea5b5188 ← Values: ('S', 'Schleich', '1941-06-11')
Hash: 06050da7017f716062fcfd816f0d4c46840cfea7bb4120ef74d06b0da8cf3527 ← Values: ('E', 'Gotthard', '1973-06-07')
Hash: 95994762e3a6cabc45a44ec453e8fa55d1269247ed300dfdf76f91fe3247e950 ← Values: ('I', 'Kade', '2025-04-10')
Hash: 1225ba068b3a58c217fc00a4bbb2f6ef787ce132c60e0016c261e147144da3b3 ← Values: ('L', 'Schacht', '1927-02-06')
Hash: 885b6db006baacc78750e4f6b5b7a65960b60fc2a1c7e77a2a948c446704a517 ← Values: ('S', 'Naser', '1949-08-24')
Hash: 9b984fcc14a04f1a0c1c172fcd51d52370883d37d79a61b6334817455e452534 ← Values: ('D', 'Mangold', '1996-10-17')
Hash: 7d021d6e1eb2559cf3882be068ed8737df20f5bec2d913813ed036a0f1cf1210 ← Values: ('K', 'Steuer', '1994-07-08')
Hash: a775e166cd5ae7184292617ed5b3340fc1083d0abd7f13fae74ac7b357cb13cb ← Values: ('M', 'Bien', '2018-03-20')
Hash: afb6bfae6f49006fcf2f3a3d0dbd13276b027b3f979a5727cdb592bfb6cc7dfd ← Values: ('K', 'Staude', '2006-07-28')
Hash: ebc9362f328c8bd025f875f32b869b1a3ff45c24252b8b7d99e92f5a3a9d07c1 ← Values: ('A', 'Salz', '2007-03-13')
Hash: 3f7c7a94606ef80dc288bcc15867b4872f57eb8f0c2c1ffdecb242059708ab7c ← Values: ('A', 'Hübel', '1988-10-10')
Hash: 2e1579266a0d596b45754bbef32ece02756fd50b1df5c84d97fe99f7cf923f4f ← Values: ('M', 'Steuer', '1926-08-01')
Hash: 7c9c6074dcffadadeed378fa1fec6d8206171a655149431af0be2a691a077e1a ← Values: ('A', 'Geißler', '1919-05-30')
Hash: 6b53f2bc12ea5ac958f2e89e2f90e9592d6c1345ecdf3a5cd67535d31a9f0647 ← Values: ('S', 'Zahn', '1910-10-03')
Hash: d0ee8804d4c21e532f81dd81a763027f279f578258ef84d13602b56ca521ce0e ← Values: ('A', 'Zobel', '1999-03-15')
Hash: f146497e546b2ff9b426936ee3bb00f4ea38c751c03799b3d944b6e9b3ebccf2 ← Values: ('A', 'Etzold', '1963-11-05')
Hash: fc68ff20f478abbb481e21d1ce91557ddb1df60d429f330db98de10ec331f0e3 ← Values: ('O', 'Karge', '1998-08-20')
Hash: 41bb9fbadb04e99c047ae943aac493e44bc65c9eaeef5f2aedd9a723953c8556 ← Values: ('N', 'Franke', '1970-12-21')
Hash: b5117f076e8605993a209b2a1984fd232294c5629dbbd5fe90da84e297210ecc ← Values: ('R', 'Hering', '1928-05-15')
Hash: 59650bdcb2c509087dd09ba5126444e99f88aa59aab7d68b01789f26c3a00bd7 ← Values: ('A', 'Beckmann', '2010-08-01')
Hash: 0cd4a27dbccaeacdd31b25ad7b409cf804181a347a75c712bb8b96f35c3413e2 ← Values: ('G', 'Harloff', '2014-11-14')
Hash: 787397471f497abd910bf2a48961d766ad833d82078c4d66f76ddae387b74099 ← Values: ('H', 'Weihmann', '1939-02-23')
Hash: 2d369f3d2cdd3d723218508196bb6c1c077bb958bad1f71217591b00641a7ce5 ← Values: ('E', 'Weiß', '1930-04-21')
Hash: 3854f6689d71feb2ba3dec8e3c3b87e7d0f3206ade3dcb5275cfbaf61f9b617d ← Values: ('R', 'Naser', '1935-06-30')
Hash: 1c56bde0d2bab38493de126fa71e076e522a3be2b8578cd9c16fd1fd550174cc ← Values: ('G', 'Benthin', '1986-03-05')
Hash: 856b30da99c2aa7148a9e01421e5e9a556834e4d301923567082a180bf770f95 ← Values: ('L', 'Staude', '1930-09-04')
Matches for mk_randall_8 (first_name + address + zip):
Hash: 78b35475fea84cac3d787b1aff3a0f1e272b0b5d2db2a3541e881fa51c995014 ← Values: ('Sibylla', 'Sybilla-Renner-Platz 6', 21083)
Hash: c147d4c1594fed501fa4e8edf9982b10ea119bafa79e33e16772d77dc001a10e ← Values: ('Engin', 'Susi-Zänker-Straße 42', 42377)
Hash: 94da36c03bb81a664e9b08d21f5741671d18ce0c6b0a252edb212f123c6c00e2 ← Values: ('Lina', 'Simone-Grein Groth-Platz 3', 25894)
Hash: d87937ed079650aeae7e247b3da63489feca3575c11d796cc65acda8e1dc01a4 ← Values: ('Malte', 'Fechnerweg 367', 73615)
Hash: b3b651ad0caf30298c5861d8b6ee1fa83b7e1b511ddbf6960178204dec047099 ← Values: ('Amelie', 'Curt-Striebitz-Straße 9', 72317)
Hash: b0eb85b9357a2eec9848f8c24b88972c6202ea94af5e37000e20c0cc361a2fbf ← Values: ('Marianne', 'Tim-Nohlmans-Ring 519', 99666)
Hash: c390b95a94887c016aacfd689e2ede8f8ed7f992145709aea1c70087e1cc902c ← Values: ('Jose', 'Frauke-Meister-Platz 4', 32977)
Hash: 4603ed540b91c4eeabd535bb70c0884e27f3437211c2ff9b6e6f173f8e172c31 ← Values: ('Karl-josef', 'Hans Georg-Dobes-Weg 7', 4240)
Hash: b28584d3139fb816f02bc0446547dac3e0ec2a42cfbd2f7b07ccc5a7ff726051 ← Values: ('Bettina', 'Möchlichenweg 441', 44947)
Hash: f5a798ee663e31a62a31b53170e1698c88c415cc8827d20e30b7c03b2d3cd10f ← Values: ('Domenico', 'Liebeltstr. 0', 47421)
Hash: e70835f926a26dba07284ee2012c1c6cf3f7ca49e8c2d385fe11f6ceee2e03ef ← Values: ('Hans-rudolf', 'Schmidtstr. 540', 77956)
Hash: 05157a33ac0c687d77ec277cdf49c7ecf3172c1959c8f3af595caf20e790e1b9 ← Values: ('Minna', 'Detlef-Pechel-Weg 3/2', 80776)
Hash: 873a0b7f155d35786aa9fc30898c8426dee65d03a8f3b33db17bb3a60569c93b ← Values: ('Agnieszka', 'Anette-Finke-Weg 1', 60417)
Hash: a70ab924e1cd7657d3b265a8161042c13f60129549fb3c93e317a970403d9c0c ← Values: ('Giuseppina', 'Rose-Roht-Ring 4/8', 39225)
Hash: 57b5533884283517169b3e6c0b66026a7af4132b4b116ce7d0f857a29c449861 ← Values: ('Elzbieta', 'Dieter-Gute-Straße 260', 46030)
Hash: 120a1ccca4263b8a8bfab0ff10c30dd72592ed1d598cd2cdd7c38760f8727e1b ← Values: ('Gülsen', 'Ilja-Mosemann-Gasse 159', 96874)
Hash: c998ded3ff671a41409be279728bd460ebe303ae6a72f05c1e4eb7168682f1e2 ← Values: ('Marijan', 'Henning-Schomber-Ring 2', 42183)
Hash: e2bb95dd77ce01ce0bf1f570e5c20dd76870baf6332cf66e29d2347037b0ae02 ← Values: ('Magda', 'Süßebierstr. 8', 98305)
Hash: 11099b73e2224904fbd8a4a2275f9a9c461a9462f253092716a27bb04d3ebafc ← Values: ('Alwin', 'Buchholzgasse 50', 45702)
Hash: 37d7ba4b58fbdb71b2462cbaadc65963f8f90244d98cbc70fafa296f3ca4c043 ← Values: ('Meinhard', 'Gehringerweg 32', 12122)
Hash: b7e8989ef1cceb3f06ab5958ed7bb81221ec4ddc1cf1981724449192d280e26f ← Values: ('Delia', 'Gisela-Fechner-Platz 290', 21592)
Hash: 32123dfbe8cba8b83354793b82dbe4d60afea56aa43005545f60275357a53eec ← Values: ('Klaus', 'Jäkelstraße 89', 39982)
Hash: cff667a4bb72274b3c6da4cac61e4321460b9177ee0c6c711636cca806293533 ← Values: ('Amelie', 'Bergerstraße 5', 96616)
Hash: 3051d356e7ef50dcb6fff4a8ca80e6be4e09f549e512ccea0153d51d63aa7086 ← Values: ('Evamaria', 'Alexander-van der Dussen-Gasse 051', 71613)
Hash: e24261e1fe9d09e61ae8893b0aa5bcafa936f0cc7af20f2e0fcca2b3182b7322 ← Values: ('Irmhild', 'Mato-Karge-Weg 9', 38520)
Hash: 97b67cf1b67ef5ae5181e6131df14f3d1cce3b7c3449c43ad43f583eb29181f3 ← Values: ('Lina', 'Donald-Neuschäfer-Platz 598', 71211)
Hash: 19190d62ede4dd935c9dbbd5897e48cf34aa42a4ac15825859fc8d9ecdfffeba ← Values: ('Susana', 'Trübstr. 3/7', 6690)
Hash: 22c0c70c8d8533c97fc62d566715e0ad9d4e3fcc37e47f90f5baa92467c5ab9e ← Values: ('Gretl', 'Gerald-Hendriks-Allee 7/0', 20105)
Hash: ab76a7014e7afa2caa2da619f35685a5af0eb7dfe8b0d230d77d1284d212a585 ← Values: ('Tobias', 'Marleen-Weihmann-Straße 8', 83231)
Hash: 894d65f940bc72284f81be25a1c798f0f929c730b6897368157f2ca2af8c966c ← Values: ('Clara', 'Ottostraße 29', 44844)
Hash: 7a8a818b9f12ab5fb342c9f3b20f5489150a723a3fc8da37c40f918e33595d5d ← Values: ('Dieter', 'Yilmaz-Christoph-Platz 716', 77232)
Hash: f40639b085ac5c2a62da2e19ddc095ec1266a9d8c07a06b585fbc2330a4589e3 ← Values: ('Karl-werner', 'Budiggasse 140', 84602)
Hash: 39a202d88d056d9077535f41d837c7e9eca3b2bbaa4694ed24f057bc2fe703f8 ← Values: ('Caroline', 'Etzoldstraße 6', 96917)
Hash: 0eebdddd0dd5893c8c5ca4c47e82ae918afe634f884149f87285b706bd7cceb0 ← Values: ('Rosi', 'Camilla-Misicher-Ring 4/6', 56444)
Hash: 492a492845669e2fc4550630b33b9027dfcc5507a688d166baf02d7b1f046a22 ← Values: ('Knud', 'Döhnstr. 35', 84025)
Hash: e1791c46bb44ccce38c03558340838a513bfc994d20792f4aa336e73da9dd655 ← Values: ('Salvatore', 'Beckmannring 65', 81919)
Hash: 9880d79f63199d61426759915eeefd3e97d4855737d9bcb9c5ce8f543c06b9a1 ← Values: ('Priska', 'Eimerweg 38', 38605)
Hash: 28d31ce1f1987d35b331b7071ce72a727ce736ab8af987be97414614f7fb227c ← Values: ('Michail', 'Alexandros-Geisler-Gasse 53', 92067)
Hash: 5b70dce141168bc21bb0e7aa2875b45c0576647b1c191249dd4d995583589376 ← Values: ('Karl-hans', 'Sergei-Benthin-Weg 909', 63389)
Hash: 304484a42aba1ac587aed7c1e650e293ea581514c9f12f78376473ff2549c4f5 ← Values: ('Anja', 'Plathplatz 72', 60081)
Hash: c751c1e53537a893a0fd8750dfadd26ad53aa8501c7920782135e793d22ff9cf ← Values: ('Urszula', 'Traudel-Juncken-Allee 0', 11684)
Hash: 4daf5ea19b89541985a6299fe1c4913b1b3b18fb0db063e721b8fd77d7fbebfe ← Values: ('Milica', 'Schmidtkering 84', 54870)
Hash: afeda61dae5f00e5f5badb0ba2b6f0178216f35e51fb483eaba60f33a17452cb ← Values: ('Ljudmila', 'Stolzestr. 0/2', 42379)
Hash: 33bfad496b03551ba246b07b07177e51b4df23589cd647c778ae369c7a421d9c ← Values: ('Anne-kathrin', 'Junitzgasse 7/9', 86821)
Hash: da91717221125a6c7fb88ff5942ce9a5f1a2f2faae6402bb1fbda34a1d757c6b ← Values: ('David', 'Lilija-Renner-Platz 7/4', 16205)
Hash: 4685cd5c5aa0148877e397ef4d04e692654fdc2e52b356b27384b7d4e588e0ea ← Values: ('Ursel', 'Istvan-Klapp-Platz 632', 21824)
Hash: c5a4a3a9eef14cc6208bcbecfe4ff99a396524f0b56d462fb6236050f6f3e5b4 ← Values: ('Meike', 'Heringweg 9', 99776)
Hash: ce3a9df45b169368f35cc790996730f14faf9f43f03b2c376e7a9d76fcce0898 ← Values: ('Annaliese', 'Dörrgasse 473', 37044)
Hash: 1b2ad3882ebe5d776a2f6a78169ff9cc1e6e328c0d0c418fbaf6eb3daa3b5788 ← Values: ('Emilia', 'Alfred-Thanel-Ring 0', 20860)
Hash: 8b0708d028ec6e61e3b6d0eedf730f9348426c8da1ed8579914566d33d8b674f ← Values: ('Theo', 'Miesplatz 435', 2445)
Hash: a115d9875e353f7ef6daa40e453193ea961bcedb673c3cbc1c83eea7967ca836 ← Values: ('Eveline', 'Kai-Uwe-Faust-Gasse 5/8', 29294)
Hash: 4e372bfde7bd1dd7b044f1eb726051fb21487ebef3783f74fc677fe2cd8e3b79 ← Values: ('Salih', 'Gunpfgasse 134', 11390)
Hash: 63cb3d90999a1bfadcb8e1a0a29290779ddc957e9d9d6fd39765633ee5f70152 ← Values: ('Arnulf', 'Haaseweg 096', 81724)
Hash: 2d082c05124a7f8546f32d7252308798536c1a3fe0b02477324c5c41e568c15c ← Values: ('Anton', 'Sofie-Hein-Straße 0/9', 88920)
Hash: 8e3bfafc57b7dd6ea5f8dfb4d819dd027e7bdefe067a1c36704631abd8c90493 ← Values: ('Hermann-josef', 'Neureutherallee 1', 5841)
Hash: 951546def2889aa907846e10963374f782fdf934b59c2d9be9c2c372172cb2e6 ← Values: ('Olena', 'Reuterstr. 2/0', 97417)
Hash: 892aa4a23c0d61cb89355de3dea99b0be325c02a59d7c4f0b816e955aaf5e5c4 ← Values: ('Roderich', 'Judith-Boucsein-Platz 9/9', 68280)
Hash: 839f4f0794a598d5f94978d2e8387bfae3ab7305c72a836ac23b6d046189f2c6 ← Values: ('Dorina', 'Matthias-Röhricht-Ring 9/3', 6887)
Hash: 3ad49a6a92a3cdf2b6de0b6c3185b4e2035d3cc7603225892099a58127d12a64 ← Values: ('Lucie', 'Mudering 284', 8118)
Hash: 27c7ea57c1857918934034543e4d828fd08d99835ac6cea43c79af0e5688da83 ← Values: ('Nikolai', 'Ralph-Kohl-Weg 0/1', 3499)
Hash: 55011378ddbf2431dd15dfa70e4d208fcfc565cee963b77795ca3d2ba2d52cc4 ← Values: ('Hedi', 'Heide-Marie-Scheibe-Gasse 3/8', 32459)
Hash: 0ee43db6d3f87b11cb9f448ff9a776815f68971bfc29247a5c54a09fff26382d ← Values: ('Götz', 'Christian-Heß-Straße 3', 23863)
Hash: 35f342d0d9be4de135311e4804a297a86cb26b958afc7a518690e344da19463c ← Values: ('Ronny', 'Krzysztof-Hiller-Straße 6', 47601)
Hash: a593d9b5e3552fe15a22f5e36ba1694cfd9a2af18e65de47737c1fc3d73b5845 ← Values: ('Gitte', 'Cristina-Austermühle-Straße 134', 51262)
Hash: db5d7318a90b841750dfb0f3576ff54b0b8057e7d763a9186dc88b3ea1cac6d3 ← Values: ('Amir', 'Kohlplatz 9/0', 64053)
Hash: fbc2c87643792ba8d08ea7c45c99af39ddfbbf0aea618833d8fe63dd5ec45690 ← Values: ('Giuseppe', 'Sophie-Eberth-Straße 013', 86170)
Hash: 5db5ca9eaf0cd544c004000554da45db3aa976980d4d8522e70a26cdbb28d832 ← Values: ('Hellmuth', 'Ruststr. 21', 88122)
Hash: c6363442e2f7bfc103253f426f44a00dcb6124a6934972d1b8126d9ae22928ec ← Values: ('Rita', 'Loretta-Eckbauer-Ring 9', 67005)
Hash: 7120812e1bf75fbb9df076c5cc81f81b9a72b3391b1d66dd525e3bb13dbb722d ← Values: ('Katarzyna', 'Emine-Koch-Weg 2', 45765)
Hash: 7387472091c97293c4a712399ac473c05417b2b0bb55e716b9fe0c09d6a733c3 ← Values: ('Gislinde', 'Ackermannweg 4', 3883)
Matches for mk_randall_9 (first_name + dob + email):
Hash: 0ca909cc3fed212cb5f72fdda824b6fa0d42128d306a10482f0cd19e312b0657 ← Values: ('Sibylla', '1926-01-11', 'isabel36@aol.de')
Hash: 156193bf2a3cb1d71123bddf028243569de06afbf7774ab5e1d5125f8314ce63 ← Values: ('Engin', '1984-02-13', 'waehnerilija@gmail.com')
Hash: 8055be96dd058757b7256b717549c3d3e0b10ae4a9d27cda2df05423f1e0120a ← Values: ('Lina', '1950-07-23', 'annedore71@gmail.com')
Hash: 150702759225481075c98d02e030156c9b1ea4d03c5459950a8a64f13066dd65 ← Values: ('Malte', '1950-06-19', 'gertikrebs@googlemail.com')
Hash: aa509837d89209c45464de5189a817b4279777154f279bb1b551cb34dc7134d8 ← Values: ('Amelie', '1943-07-13', 'hans-dhande@web.de')
Hash: 29095ad96bd0d65e7fedb4ce3b428a9bcfcab6f2c77debacad178a2b12e4c0df ← Values: ('Marianne', '1954-08-06', 'stanislaw63@aol.de')
Hash: 96ed068048de6a7ad82dbea60399b7c4c4ed925ee6bdd8705ccb4b84c1384ed4 ← Values: ('Jose', '2022-03-17', 'monatrueb@hotmail.de')
Hash: b397b79e19983cb346fb2e2c0046c7c07efd65ee8462887d9dfe7c84f36658fd ← Values: ('Karl-josef', '1934-11-10', 'sarah79@googlemail.com')
Hash: 03e5eb9b960b92cce9d68a610b5e4a4c3f984fcebf5c3e49687ed7c79f071b31 ← Values: ('Bettina', '1911-01-25', 'emangold@hotmail.de')
Hash: 165ce9e73af1912dda61daec3b1ca4c7279ca584b74ec014e1d504ba8fb6d3ad ← Values: ('Domenico', '1934-11-07', 'vitali03@hotmail.de')
Hash: 3459e8bad2f5cfe052c12941a6cdcbe5ceb0d2c6e34d6d94cd489f7bd21fc08b ← Values: ('Hans-rudolf', '1993-03-29', 'ggrein-groth@web.de')
Hash: a1fffc73d472e7abbd284e4944954e1e34da72654b079d2ec17dd1ee07334eed ← Values: ('Minna', '1928-10-01', 'uherrmann@hotmail.de')
Hash: 2b3d4b7eb519c9b8bbbc48d9a3848a6f58a29aee5b3a2b4b7e02257adcfbff94 ← Values: ('Agnieszka', '1924-04-08', 'akoester@web.de')
Hash: 954139020b0d65e051d67da55e55a9835603dfaf885d70fafecee7763a7f6cdd ← Values: ('Giuseppina', '1917-09-30', 'geiselanni@aol.de')
Hash: 1d888c1f91f962cd5e54bfcfd844c861746b5bc8618c123162b3841105506b75 ← Values: ('Elzbieta', '2022-02-07', 'vittorioraedel@gmail.com')
Hash: af278944395bcf9cda9f8009452a6ef19c52f551ed9d94bef66431e95ffcf2c5 ← Values: ('Gülsen', '1918-04-11', 'nweller@googlemail.com')
Hash: 2d148b14c52a878f67c1dfe15aeef0e258288ceec39e6be64c0b847dd0b9b3bd ← Values: ('Marijan', '2023-12-14', 'wscholtz@googlemail.com')
Hash: f2aba8c40d67d33f176490379b0e53472588683478998ffe1c0b94ee583bcb8c ← Values: ('Magda', '1963-06-24', 'schoenlandalois@googlemail.com')
Hash: 02212dbc67edd726031d845f7435d3dc9eeea0113a4591681dda60422a8768da ← Values: ('Alwin', '1996-08-05', 'hethurgertraude@googlemail.com')
Hash: ac0e8eca2b36a6e0432f662fa43d4d20c3bb1c1c3e8830dd73ee84686a49e8a6 ← Values: ('Meinhard', '1998-10-24', 'kreinkarl-heinz@aol.de')
Hash: 0c7dfb52028334351b70e3dcfe8f50c4e93b20c4570e6b41fc6fa1db1ada6f30 ← Values: ('Delia', '2016-09-09', 'pniemeier@web.de')
Hash: ab2ec72aaf136877590e8af29650ddd1d1d185e5dd7db41ff213b570b7b39318 ← Values: ('Klaus', '1984-08-06', 'wilfried65@gmx.de')
Hash: c376808da7ab8f5d69552916dc9f628ec15e1b9711829d4de686b2a6882eb744 ← Values: ('Amelie', '1937-09-27', 'pascale74@gmx.de')
Hash: 7517763dace987a4530415acfedf675af411de80213a8d2c5f12ae9fda4157fe ← Values: ('Evamaria', '1973-06-07', 'ida81@googlemail.com')
Hash: cb6d1b675af3914d11f223ec82b6ba0a08bbb9dfed66015d83836f0dc13c3d97 ← Values: ('Irmhild', '2025-04-10', 'marybuchholz@hotmail.de')
Hash: ca64e8a76b9d2dcb3ae71de1e12ac80ce2b4d6595cf7e96bf6a8c472a72fd109 ← Values: ('Lina', '1927-02-06', 'sergiogierschner@yahoo.de')
Hash: 9c8b5c01059ab325bfac3b7e6dcf75c884a8d648e04c8863df5ac0c51fb41e3e ← Values: ('Susana', '1949-08-24', 'ilja40@gmx.de')
Hash: b2619f434768520938e830fd4b5b694e4c28b793d1ae1b75a053a1e84af73bc4 ← Values: ('Gretl', '1945-09-08', 'anne-kathrinhamann@aol.de')
Hash: 7a6ef0d1be8e3f055ee9b52cd80bbc6b351269feb08df2f28898d86ba5f66658 ← Values: ('Tobias', '1940-11-01', 'cschmiedt@hotmail.de')
Hash: 0ca33b0eaab851a2e966f8678dec38aadd62ce759917e49870df0448fdac8b05 ← Values: ('Clara', '1977-07-21', 'jovan28@aol.de')
Hash: 429ebedce47c3d960280f7b3d82c98ac9eb14e9343be13b0bef67e480d0b0210 ← Values: ('Dieter', '1996-10-17', 'wirthmaurice@gmx.de')
Hash: 954448d932e619f72444c0c1faafd1fe2ecc33193978ca610eec0b5c892767f8 ← Values: ('Karl-werner', '1961-11-16', 'reisingleonid@gmx.de')
Hash: af23fb8a4ab26dbf434434b0b99936e2da8cad3fbfc8278f5706653a61b888ef ← Values: ('Caroline', '2021-10-22', 'hans-erich50@web.de')
Hash: 1cfae0e8cb999448bb9ba6675fd656705661fdc27b086ba490db50c8d47b5f95 ← Values: ('Rosi', '1945-11-25', 'iwona55@googlemail.com')
Hash: 918557e01e5d5e1cf38a9085ce83422207c065659f275dcaf0c87b4585b93406 ← Values: ('Knud', '1994-07-08', 'larissa40@hotmail.de')
Hash: d897913d94512ca3955a85e332fd596c8426c088c95f7177349e07a554016422 ← Values: ('Salvatore', '2000-09-10', 'krausehueseyin@googlemail.com')
Hash: 4b139223e415f3022ea7a0eb93eb8dba3576a44e776d7258c32400e59f69cd54 ← Values: ('Priska', '1976-05-24', 'theres13@gmx.de')
Hash: 45f0c3161961785f7fd12b717cb3a75c80c6d4a7581ad09502a901ac5d58bafc ← Values: ('Michail', '2018-03-20', 'vogtcengiz@hotmail.de')
Hash: b28794f5019bc8b57130f9bab5881acad9c5214881ce2d331a2ed960406465b9 ← Values: ('Karl-hans', '2006-07-28', 'sabinepaertzelt@hotmail.de')
Hash: bd6b1b87283437033bc3250038953b836718c38d62975755a2a3577b4623c4f2 ← Values: ('Anja', '2007-03-13', 'warmertilo@gmail.com')
Hash: fc0fe986508b1cf91b4d66bb5d9c3986c1ceda6e754e2eebf7b3bb4cf01abde0 ← Values: ('Urszula', '1990-08-06', 'hans-joergschleich@gmx.de')
Hash: 05628aaefefd38aa2762900fe9846b8a21d73ceaf484958d6bbda041c51a3dd0 ← Values: ('Milica', '2022-10-19', 'qbenthin@aol.de')
Hash: 257b721eca20b8bb3d85863e5a482885321c1950ba7073207298285b0a6268f1 ← Values: ('Ljudmila', '2007-02-26', 'manuel60@yahoo.de')
Hash: d52a24b186e4698cf3160e65ee3d4a009864d9853f0c967293b9df88415a8e76 ← Values: ('Anne-kathrin', '1988-10-10', 'dstadelmann@gmx.de')
Hash: f5290db640cbbead4589b56d224f16f6bedaee4f9cfc1386b63fcc623ddac5a0 ← Values: ('David', '1997-09-20', 'dhering@yahoo.de')
Hash: bf680c5d37a42ce80d137d09802c7040187a9d634eb7848158c49992c2e167b1 ← Values: ('Ursel', '1945-11-29', 'jasmin42@gmx.de')
Hash: 7f9ac146119f531e080f60937035112652fe2687be4a99f3a154d2afcfde0f3a ← Values: ('Meike', '1926-08-01', 'ibonbach@googlemail.com')
Hash: 17a671d4d3a1d584407bef8c1a795ad7c8dc6d818cebeeb6dffb4f29193383aa ← Values: ('Annaliese', '1919-05-30', 'binnerfadime@aol.de')
Hash: e5c270d2c48bf8b70b5b4e86cdba66503b0dc1f3b919daa393f6e16637200d34 ← Values: ('Emilia', '1965-12-21', 'yaseminharloff@googlemail.com')
Hash: d6604b8381e4fd37171bd2341e8f683905a73789c3d19f266bc059f131c2d9f1 ← Values: ('Theo', '1957-07-22', 'fbaum@aol.de')
Hash: 1f06195a13ca7584c55af3f4c08ca2d11696c2d27d6acb9d9e94e317f0d4f681 ← Values: ('Eveline', '1912-04-17', 'heserfred@googlemail.com')
Hash: 92fe65dd1f84c8174a545efaef8bf800d6d56a0b44fe79001383b6bbca155d60 ← Values: ('Salih', '1910-10-03', 'zimmertheresia@yahoo.de')
Hash: 04db017684cabcdb808fed571e5e7bba706627c95ba5713a55a492131bb3e0f0 ← Values: ('Arnulf', '1999-03-15', 'veronikadoerr@gmail.com')
Hash: dc43761c5b093a0be8c03b781f288eb77c0e100a6047b319ef98d48bb123a19e ← Values: ('Anton', '1963-11-05', 'ladislaus02@googlemail.com')
Hash: 508f2b9882d50d2c0386f38a8aff77530b0f4e2bd5a3f7411e8c0d2b832c8acf ← Values: ('Hermann-josef', '1917-03-23', 'hans-albertkarge@gmail.com')
Hash: d3fd96d49d0cc663e4cad4e7e360a2aea1c83741dbbadcc0032f5daebddb09f2 ← Values: ('Olena', '1998-08-20', 'drago94@gmail.com')
Hash: 2dad62747d37be0d8a33dd5479708b7616400735e26d3a8f114508c9673bd06e ← Values: ('Roderich', '1988-08-31', 'hartmannwalfried@yahoo.de')
Hash: 3d99ecd7114f7d8c95709c1be5d8bb81e89459419990763f942a84687b06e3d9 ← Values: ('Dorina', '2014-02-28', 'segebahndiana@googlemail.com')
Hash: 6cfd9823926087846b4728fa740b6b6bb61aa4adc3ea2763abc8e0c68a5a2c07 ← Values: ('Lucie', '1995-08-08', 'rdussen-van@gmx.de')
Hash: d05271cd98675da45c67e2e90e8e0a68f11e9019e84bbf0f3de26ee04ddd8391 ← Values: ('Nikolai', '1970-12-21', 'binnersiegmar@googlemail.com')
Hash: a755a419d1cde48325d4b551c392d04808fed32cadba4904930c0f018c6331e5 ← Values: ('Hedi', '2010-12-10', 'wsorgatz@gmx.de')
Hash: 381544b6d35d675edf2df4f25a59df6093de01364c0a429bcc4693739fd7a622 ← Values: ('Götz', '1983-10-11', 'hoerlekatherina@gmail.com')
Hash: 212385cc3a8c9027de4e867cac721be0f5f56069115ac9e05ab355ea61b79b97 ← Values: ('Ronny', '1928-05-15', 'holgermende@gmail.com')
Hash: 228caa898d4d34fda197d5767ab132cf14565be12c1aacfd8b7a0faa77c863ce ← Values: ('Gitte', '1981-05-01', 'frankerainer@hotmail.de')
Hash: d94200f8e5faf0c512065f8c9d72b162158deaea72ca49b8a6e86270f8bb39bd ← Values: ('Amir', '2010-08-01', 'richard36@gmail.com')
Hash: 9b30adc1057531edca88e070976cd63922b48eaca8ec05e9da3272048df2eab3 ← Values: ('Giuseppe', '2014-11-14', 'hans-eberhardschmidt@web.de')
Hash: f9aaf7a6a68776e450128ad74e815321e87cd85a2268228575b5790e66f4ec07 ← Values: ('Hellmuth', '1939-02-23', 'zplath@aol.de')
Hash: fa49680ef3366e847b802458a9ff3aeddaf98df6ff9dcc3a05feea98142ada4d ← Values: ('Rita', '1935-06-30', 'jockelrabea@hotmail.de')
Hash: 365bae822f9ac2db9525d6946835a71db4db760c11658f33f02b2214628adb80 ← Values: ('Katarzyna', '1930-02-23', 'philippdobes@gmail.com')
Hash: 40fe854419b214e236d97ffd54791e8e07dafd7a6c8ce59dfddfbb12047cd4c3 ← Values: ('Gislinde', '1986-03-05', 'zchristoph@gmx.de')
Matches for mk_randall_10 (last_name + gender + email):
Hash: 394c194dcbfafae25f61c54095f90144c5f54f382a4c95da3b3eb698edbdfa6f ← Values: ('Conradi', 'F', 'ehering@web.de')
Hash: d295b0aa8edbb8a02e4972d10f1fa57dd397c298bb963a59517ec5f4250cfc31 ← Values: ('Wulff', 'F', 'isabel36@aol.de')
Hash: ac656817b0dfbb0c8a345611692db0d475b2ccd36e46fd2c9122365d0f4dd3ae ← Values: ('Sorgatz', 'F', 'annedore71@gmail.com')
Hash: e7ee3cc1182d4ace5ddee2cac4ec095079a0ff071134531102c445c44f4a926b ← Values: ('Nohlmans', 'M', 'gertikrebs@googlemail.com')
Hash: cd5f26705278ddf6533b842d73ad314c07f025a2d30c0180f2aeaa6956792ca5 ← Values: ('Barth', 'F', 'hans-dhande@web.de')
Hash: 2167f653b4837e433d3ce75661bf2bcd4cc6f0ae8cb4889c5c57bb7050672d39 ← Values: ('Mude', 'F', 'stanislaw63@aol.de')
Hash: 608cb7b83c9765c6c59ff7d1d830bfaa5c79546797082e08b47442b7d54fa8c3 ← Values: ('Römer', 'M', 'monatrueb@hotmail.de')
Hash: 71517ef70a736a27c47d4a9cda8a885c2db00a24da0955378bd0aa88c399a536 ← Values: ('Klotz', 'F', 'emangold@hotmail.de')
Hash: 60d35a29141a24986fe5c3e0dc9682a34be53b20a0dbf2e55046927e521f99a3 ← Values: ('Rudolph', 'M', 'vitali03@hotmail.de')
Hash: 317c6578fdee5754e51bce08855952087b05ca2949783ba2f871c0b7bfa64c12 ← Values: ('Börner', 'M', 'ggrein-groth@web.de')
Hash: 90778a17219ee4cef00640695534f3e88f2afabd6432a8573328c7f13b79b7fa ← Values: ('Geisel', 'F', 'akoester@web.de')
Hash: 5580085e8c487d83f1c3e90f5407f0251cfbde2df50c06701bb145cdeb03796b ← Values: ('Rörricht', 'F', 'birthe24@aol.de')
Hash: b3434064d18371be094ac1016648d6a0b597819378db228095692bf714e8476d ← Values: ('Linke', 'M', 'xsuessebier@yahoo.de')
Hash: 482331c00db346f5ad6eda9b88e108ece2d768ef2dcb96925a7d7a433dc2a043 ← Values: ('Seifert', 'F', 'geiselanni@aol.de')
Hash: 70a9b83094b286f34991fd78922a4ef9734d540d431cf765612276d1d5c90629 ← Values: ('Rust', 'F', 'schoenlandalois@googlemail.com')
Hash: 725675b9a84f347370152fd50ff56c42d63e6cb1722de8e5c6a66579a8ea289c ← Values: ('Holsten', 'M', 'kreinkarl-heinz@aol.de')
Hash: 13bc52164fee9262a7490ce986e44fda129c462ee5f0f143713b84e3ce352dea ← Values: ('Mühle', 'F', 'pniemeier@web.de')
Hash: e013475024c20ac9a9057021110b14fd186cef71a4b5de72aace0052ff1b1466 ← Values: ('Etzold', 'F', 'karl-hermanngnatz@gmail.com')
Hash: a5bd2a26d9f85854a276db73b46fafee643c5b25eef0f967c9da683e91c2e524 ← Values: ('Hofmann', 'M', 'gudulakaester@gmail.com')
Hash: b644f468f3adb8150ae0ef0106839d9dca8dc03c993aac603f28e821e3899cf6 ← Values: ('Hering', 'M', 'wilfried65@gmx.de')
Hash: 0876a876a62e4b55efaa904b9520db070b98e7c0f912b0e5247315ef0956739c ← Values: ('Stolze', 'F', 'nasernancy@gmx.de')
Hash: fd8b5990e98ce967cb21fc6d1751a4b0b73bc7c48055ca09f6adb6e7a5b4e92d ← Values: ('Linke', 'M', 'sieringsusana@gmx.de')
Hash: 06a790705fd5a6a468331702b7420b561da887f7045140444a39782146a02121 ← Values: ('Langern', 'M', 'hans-walterpergande@aol.de')
Hash: 35423360e7349b0ea8f60ccd1f2f831585a97aa39352fda91062b5de4e20972c ← Values: ('Römer', 'F', 'ysaeuberlich@aol.de')
Hash: 57614d81c54942d9f1abda216bcdcbda3c564872e3e4f42853a0cdb62e791e9b ← Values: ('Segebahn', 'M', 'heinricherika@googlemail.com')
Hash: 5694a233230c0a78ce747019195e27d5658192d8dae907cdb386933944e65fe6 ← Values: ('Linke', 'F', 'pascale74@gmx.de')
Hash: b7e023084e556b57be6ca27e2d8c334a4959050b29fb186b1c8612efad36fdd4 ← Values: ('Schleich', 'F', 'yroskoth@web.de')
Hash: a760e56ed571b9652d92ebcace3da25dea4f0070ed7cc035fad34d587743ac8e ← Values: ('Gotthard', 'F', 'ida81@googlemail.com')
Hash: 4097f4826af5ea3aa7d1468284f7f103b9b802ccd6e707526357732e647eb80a ← Values: ('Kade', 'F', 'marybuchholz@hotmail.de')
Hash: a826001658eb00ee486b87d10060ec87263593de95805528368ef613fea6fade ← Values: ('Schacht', 'F', 'sergiogierschner@yahoo.de')
Hash: 570d9f6eb123ed424e2e466d9661e952cdccb4fd2ced1035547942c09ca10dc4 ← Values: ('Naser', 'F', 'ilja40@gmx.de')
Hash: d459ee992fca7c96fd46ea78c86467774f248ff0844033cbac13d65436ae5127 ← Values: ('Mangold', 'M', 'wirthmaurice@gmx.de')
Hash: 3571677a9dd8360bf34c4c58129b87e8aacd051be014ed043cdf6797113cebe3 ← Values: ('Steuer', 'M', 'larissa40@hotmail.de')
Hash: b998f0de928defe8ed5378afb0786e5363d1bb5c6d6ba2b0325675e302aea7a5 ← Values: ('Bien', 'M', 'vogtcengiz@hotmail.de')
Hash: 60fd25651edfaa525f390518d62a7bef9dacab5adc3c9207bd7d711cd29129d7 ← Values: ('Staude', 'M', 'sabinepaertzelt@hotmail.de')
Hash: 4693c999d929c778708b2aa491d1c2db672712a9e5ac779d0d18a99473193692 ← Values: ('Salz', 'F', 'warmertilo@gmail.com')
Hash: 4e09af685cde6ed31edd4fcd6de2e4e4f8c458b7f8075551dd2812fde1164a39 ← Values: ('Hübel', 'F', 'dstadelmann@gmx.de')
Hash: febfaed430339e7161f0ff2bc994d167b7c798397eb652bb78e952bf48d10e8e ← Values: ('Steuer', 'F', 'ibonbach@googlemail.com')
Hash: c57b10f3930d02d110d546539c3d242380e8c425cd9786729e1fb1f90378f90d ← Values: ('Geißler', 'F', 'binnerfadime@aol.de')
Hash: a700a6e2eab41635e183afb98056b2ab63ddb4923cecabb03f378ca620d8cda0 ← Values: ('Zahn', 'M', 'zimmertheresia@yahoo.de')
Hash: 3002a073db945e3e77965121701e558df5ee8fae2c7d1c0431a22ca85b77f5b5 ← Values: ('Zobel', 'M', 'veronikadoerr@gmail.com')
Hash: 600f7bb42721942b2b64be4f41ecc18efd01247d16f9570b3e4b0023f05a1320 ← Values: ('Etzold', 'M', 'ladislaus02@googlemail.com')
Hash: 79a42393552028e6f8b751dbb998d3e0ce0c872af7276c616d215e1970566f69 ← Values: ('Karge', 'F', 'drago94@gmail.com')
Hash: 1a731966412986be7bc9b661a6590ceadacdf2aa977963142c34bc5ec205aa54 ← Values: ('Franke', 'M', 'binnersiegmar@googlemail.com')
Hash: f95694600550cacd359c5b9120fa9c987edd9c9d8fb73ef4215056277f25e148 ← Values: ('Hering', 'M', 'holgermende@gmail.com')
Hash: 4097dc5ff760868746e55dc08bfe54bf61c762322bef31999a49348f1e1b1202 ← Values: ('Beckmann', 'M', 'richard36@gmail.com')
Hash: 8b6f17c3ef2098323718b4ad898d8c2c61e6561fa920398f1bd7c9fc6df552a9 ← Values: ('Harloff', 'M', 'hans-eberhardschmidt@web.de')
Hash: bc5f09c201b70bbbbb1c8782428b17b8648c7037985ed4823b4d860709bf3129 ← Values: ('Weihmann', 'M', 'zplath@aol.de')
Hash: 72d673bd90b579c2b0fd3a68c9d78c059086573e210625421877143705468a49 ← Values: ('Weiß', 'F', 'jhentschel@googlemail.com')
Hash: 580a3ccb4f9a016591193f3771b36212bf5c47de65d8040c7eb7de7e4061fbbe ← Values: ('Naser', 'F', 'jockelrabea@hotmail.de')
Hash: 54aa5fea9ae9cf4d2e598c29496f35702eb61b490600176663229ca078a36d6a ← Values: ('Benthin', 'F', 'zchristoph@gmx.de')
Hash: 96cdbe8e16d9a8fefcf6a1d4fbd0e761d31f294d58e1dd0ca2f4a4285491e1fc ← Values: ('Staude', 'M', 'hahnhilda@gmx.de')
